<6>Initializing cgroup subsys cpuset
<6>Initializing cgroup subsys cpu
<5>Linux version 2.6.32-504.el6.x86_64 (mockbuild@x86-023.build.eng.bos.redhat.com) (gcc version 4.4.7 20120313 (Red Hat 4.4.7-11) (GCC) ) #1 SMP Tue Sep 16 01:56:35 EDT 2014
<6>Command line: ro root=/dev/mapper/VolGroup-lv_root rd_NO_LUKS LANG=ko_KR.UTF-8 rd_NO_MD rd_LVM_LV=VolGroup/lv_swap crashkernel=128M rd_LVM_LV=VolGroup/lv_root  KEYBOARDTYPE=pc KEYTABLE=us rd_NO_DM rhgb quiet transparent_hugepage=never
<6>KERNEL supported cpus:
<6>  Intel GenuineIntel
<6>  AMD AuthenticAMD
<6>  Centaur CentaurHauls
<6>Disabled fast string operations
<6>BIOS-provided physical RAM map:
<6> BIOS-e820: 0000000000000000 - 000000000009e800 (usable)
<6> BIOS-e820: 000000000009e800 - 00000000000a0000 (reserved)
<6> BIOS-e820: 00000000000dc000 - 0000000000100000 (reserved)
<6> BIOS-e820: 0000000000100000 - 000000003fee0000 (usable)
<6> BIOS-e820: 000000003fee0000 - 000000003feff000 (ACPI data)
<6> BIOS-e820: 000000003feff000 - 000000003ff00000 (ACPI NVS)
<6> BIOS-e820: 000000003ff00000 - 0000000040000000 (usable)
<6> BIOS-e820: 00000000f0000000 - 00000000f8000000 (reserved)
<6> BIOS-e820: 00000000fec00000 - 00000000fec10000 (reserved)
<6> BIOS-e820: 00000000fee00000 - 00000000fee01000 (reserved)
<6> BIOS-e820: 00000000fffe0000 - 0000000100000000 (reserved)
<6>DMI present.
<4>SMBIOS version 2.7 @ 0xF69C0
<7>DMI: VMware, Inc. VMware Virtual Platform/440BX Desktop Reference Platform, BIOS 6.00 07/02/2015
<5>Phoenix BIOS detected: BIOS may corrupt low RAM, working around it.
<7>e820 update range: 0000000000000000 - 0000000000010000 (usable) ==> (reserved)
<6>Hypervisor detected: VMware
<7>e820 update range: 0000000000000000 - 0000000000001000 (usable) ==> (reserved)
<7>e820 remove range: 00000000000a0000 - 0000000000100000 (usable)
<6>last_pfn = 0x40000 max_arch_pfn = 0x400000000
<7>MTRR default type: uncachable
<7>MTRR fixed ranges enabled:
<7>  00000-9FFFF write-back
<7>  A0000-BFFFF uncachable
<7>  C0000-CFFFF write-protect
<7>  D0000-EFFFF uncachable
<7>  F0000-FFFFF write-protect
<7>MTRR variable ranges enabled:
<7>  0 base 000C0000000 mask 3FFC0000000 uncachable
<7>  1 base 00000000000 mask 3FF00000000 write-back
<7>  2 disabled
<7>  3 disabled
<7>  4 disabled
<7>  5 disabled
<7>  6 disabled
<7>  7 disabled
<6>x86 PAT enabled: cpu 0, old 0x7040600070406, new 0x7010600070106
<7>original variable MTRRs
<7>reg 0, base: 3GB, range: 1GB, type UC
<7>reg 1, base: 0GB, range: 4GB, type WB
<6>total RAM covered: 3072M
<6>Found optimal setting for mtrr clean up
<6> gran_size: 64K 	chunk_size: 64K 	num_reg: 2  	lose cover RAM: 0G
<7>New variable MTRRs
<7>reg 0, base: 0GB, range: 2GB, type WB
<7>reg 1, base: 2GB, range: 1GB, type WB
<7>initial memory mapped : 0 - 20000000
<6>Using GB pages for direct mapping
<6>init_memory_mapping: 0000000000000000-0000000040000000
<7> 0000000000 - 0040000000 page 1G
<7>kernel direct mapping tables up to 40000000 @ 10000-11000
<6>RAMDISK: 36d61000 - 37fefdc6
<4>ACPI: RSDP 00000000000f6a10 00024 (v02 PTLTD )
<4>ACPI: XSDT 000000003feea65b 0005C (v01 INTEL  440BX    06040000 VMW  01324272)
<4>ACPI: FACP 000000003fefee73 000F4 (v04 INTEL  440BX    06040000 PTL  000F4240)
<4>ACPI: DSDT 000000003feec3fc 12A77 (v01 PTLTD  Custom   06040000 MSFT 03000001)
<4>ACPI: FACS 000000003fefffc0 00040
<4>ACPI: BOOT 000000003feec3d4 00028 (v01 PTLTD  $SBFTBL$ 06040000  LTP 00000001)
<4>ACPI: APIC 000000003feeb8bd 00742 (v01 PTLTD  ? APIC   06040000  LTP 00000000)
<4>ACPI: MCFG 000000003feeb881 0003C (v01 PTLTD  $PCITBL$ 06040000  LTP 00000001)
<4>ACPI: SRAT 000000003feea757 008A8 (v02 VMWARE MEMPLUG  06040000 VMW  00000001)
<4>ACPI: HPET 000000003feea71f 00038 (v01 VMWARE VMW HPET 06040000 VMW  00000001)
<4>ACPI: WAET 000000003feea6f7 00028 (v01 VMWARE VMW WAET 06040000 VMW  00000001)
<7>ACPI: Local APIC address 0xfee00000
<7>system APIC only can use physical flat
<6>Setting APIC routing to physical flat.
<6>SRAT: PXM 0 -> APIC 0 -> Node 0
<6>SRAT: PXM 0 -> APIC 1 -> Node 0
<6>SRAT: PXM 0 -> APIC 2 -> Node 0
<6>SRAT: PXM 0 -> APIC 3 -> Node 0
<6>SRAT: PXM 0 -> APIC 4 -> Node 0
<6>SRAT: PXM 0 -> APIC 5 -> Node 0
<6>SRAT: PXM 0 -> APIC 6 -> Node 0
<6>SRAT: PXM 0 -> APIC 7 -> Node 0
<6>SRAT: PXM 0 -> APIC 8 -> Node 0
<6>SRAT: PXM 0 -> APIC 9 -> Node 0
<6>SRAT: PXM 0 -> APIC 10 -> Node 0
<6>SRAT: PXM 0 -> APIC 11 -> Node 0
<6>SRAT: PXM 0 -> APIC 12 -> Node 0
<6>SRAT: PXM 0 -> APIC 13 -> Node 0
<6>SRAT: PXM 0 -> APIC 14 -> Node 0
<6>SRAT: PXM 0 -> APIC 15 -> Node 0
<6>SRAT: PXM 0 -> APIC 16 -> Node 0
<6>SRAT: PXM 0 -> APIC 17 -> Node 0
<6>SRAT: PXM 0 -> APIC 18 -> Node 0
<6>SRAT: PXM 0 -> APIC 19 -> Node 0
<6>SRAT: PXM 0 -> APIC 20 -> Node 0
<6>SRAT: PXM 0 -> APIC 21 -> Node 0
<6>SRAT: PXM 0 -> APIC 22 -> Node 0
<6>SRAT: PXM 0 -> APIC 23 -> Node 0
<6>SRAT: PXM 0 -> APIC 24 -> Node 0
<6>SRAT: PXM 0 -> APIC 25 -> Node 0
<6>SRAT: PXM 0 -> APIC 26 -> Node 0
<6>SRAT: PXM 0 -> APIC 27 -> Node 0
<6>SRAT: PXM 0 -> APIC 28 -> Node 0
<6>SRAT: PXM 0 -> APIC 29 -> Node 0
<6>SRAT: PXM 0 -> APIC 30 -> Node 0
<6>SRAT: PXM 0 -> APIC 31 -> Node 0
<6>SRAT: PXM 0 -> APIC 32 -> Node 0
<6>SRAT: PXM 0 -> APIC 33 -> Node 0
<6>SRAT: PXM 0 -> APIC 34 -> Node 0
<6>SRAT: PXM 0 -> APIC 35 -> Node 0
<6>SRAT: PXM 0 -> APIC 36 -> Node 0
<6>SRAT: PXM 0 -> APIC 37 -> Node 0
<6>SRAT: PXM 0 -> APIC 38 -> Node 0
<6>SRAT: PXM 0 -> APIC 39 -> Node 0
<6>SRAT: PXM 0 -> APIC 40 -> Node 0
<6>SRAT: PXM 0 -> APIC 41 -> Node 0
<6>SRAT: PXM 0 -> APIC 42 -> Node 0
<6>SRAT: PXM 0 -> APIC 43 -> Node 0
<6>SRAT: PXM 0 -> APIC 44 -> Node 0
<6>SRAT: PXM 0 -> APIC 45 -> Node 0
<6>SRAT: PXM 0 -> APIC 46 -> Node 0
<6>SRAT: PXM 0 -> APIC 47 -> Node 0
<6>SRAT: PXM 0 -> APIC 48 -> Node 0
<6>SRAT: PXM 0 -> APIC 49 -> Node 0
<6>SRAT: PXM 0 -> APIC 50 -> Node 0
<6>SRAT: PXM 0 -> APIC 51 -> Node 0
<6>SRAT: PXM 0 -> APIC 52 -> Node 0
<6>SRAT: PXM 0 -> APIC 53 -> Node 0
<6>SRAT: PXM 0 -> APIC 54 -> Node 0
<6>SRAT: PXM 0 -> APIC 55 -> Node 0
<6>SRAT: PXM 0 -> APIC 56 -> Node 0
<6>SRAT: PXM 0 -> APIC 57 -> Node 0
<6>SRAT: PXM 0 -> APIC 58 -> Node 0
<6>SRAT: PXM 0 -> APIC 59 -> Node 0
<6>SRAT: PXM 0 -> APIC 60 -> Node 0
<6>SRAT: PXM 0 -> APIC 61 -> Node 0
<6>SRAT: PXM 0 -> APIC 62 -> Node 0
<6>SRAT: PXM 0 -> APIC 63 -> Node 0
<6>SRAT: PXM 0 -> APIC 64 -> Node 0
<6>SRAT: PXM 0 -> APIC 65 -> Node 0
<6>SRAT: PXM 0 -> APIC 66 -> Node 0
<6>SRAT: PXM 0 -> APIC 67 -> Node 0
<6>SRAT: PXM 0 -> APIC 68 -> Node 0
<6>SRAT: PXM 0 -> APIC 69 -> Node 0
<6>SRAT: PXM 0 -> APIC 70 -> Node 0
<6>SRAT: PXM 0 -> APIC 71 -> Node 0
<6>SRAT: PXM 0 -> APIC 72 -> Node 0
<6>SRAT: PXM 0 -> APIC 73 -> Node 0
<6>SRAT: PXM 0 -> APIC 74 -> Node 0
<6>SRAT: PXM 0 -> APIC 75 -> Node 0
<6>SRAT: PXM 0 -> APIC 76 -> Node 0
<6>SRAT: PXM 0 -> APIC 77 -> Node 0
<6>SRAT: PXM 0 -> APIC 78 -> Node 0
<6>SRAT: PXM 0 -> APIC 79 -> Node 0
<6>SRAT: PXM 0 -> APIC 80 -> Node 0
<6>SRAT: PXM 0 -> APIC 81 -> Node 0
<6>SRAT: PXM 0 -> APIC 82 -> Node 0
<6>SRAT: PXM 0 -> APIC 83 -> Node 0
<6>SRAT: PXM 0 -> APIC 84 -> Node 0
<6>SRAT: PXM 0 -> APIC 85 -> Node 0
<6>SRAT: PXM 0 -> APIC 86 -> Node 0
<6>SRAT: PXM 0 -> APIC 87 -> Node 0
<6>SRAT: PXM 0 -> APIC 88 -> Node 0
<6>SRAT: PXM 0 -> APIC 89 -> Node 0
<6>SRAT: PXM 0 -> APIC 90 -> Node 0
<6>SRAT: PXM 0 -> APIC 91 -> Node 0
<6>SRAT: PXM 0 -> APIC 92 -> Node 0
<6>SRAT: PXM 0 -> APIC 93 -> Node 0
<6>SRAT: PXM 0 -> APIC 94 -> Node 0
<6>SRAT: PXM 0 -> APIC 95 -> Node 0
<6>SRAT: PXM 0 -> APIC 96 -> Node 0
<6>SRAT: PXM 0 -> APIC 97 -> Node 0
<6>SRAT: PXM 0 -> APIC 98 -> Node 0
<6>SRAT: PXM 0 -> APIC 99 -> Node 0
<6>SRAT: PXM 0 -> APIC 100 -> Node 0
<6>SRAT: PXM 0 -> APIC 101 -> Node 0
<6>SRAT: PXM 0 -> APIC 102 -> Node 0
<6>SRAT: PXM 0 -> APIC 103 -> Node 0
<6>SRAT: PXM 0 -> APIC 104 -> Node 0
<6>SRAT: PXM 0 -> APIC 105 -> Node 0
<6>SRAT: PXM 0 -> APIC 106 -> Node 0
<6>SRAT: PXM 0 -> APIC 107 -> Node 0
<6>SRAT: PXM 0 -> APIC 108 -> Node 0
<6>SRAT: PXM 0 -> APIC 109 -> Node 0
<6>SRAT: PXM 0 -> APIC 110 -> Node 0
<6>SRAT: PXM 0 -> APIC 111 -> Node 0
<6>SRAT: PXM 0 -> APIC 112 -> Node 0
<6>SRAT: PXM 0 -> APIC 113 -> Node 0
<6>SRAT: PXM 0 -> APIC 114 -> Node 0
<6>SRAT: PXM 0 -> APIC 115 -> Node 0
<6>SRAT: PXM 0 -> APIC 116 -> Node 0
<6>SRAT: PXM 0 -> APIC 117 -> Node 0
<6>SRAT: PXM 0 -> APIC 118 -> Node 0
<6>SRAT: PXM 0 -> APIC 119 -> Node 0
<6>SRAT: PXM 0 -> APIC 120 -> Node 0
<6>SRAT: PXM 0 -> APIC 121 -> Node 0
<6>SRAT: PXM 0 -> APIC 122 -> Node 0
<6>SRAT: PXM 0 -> APIC 123 -> Node 0
<6>SRAT: PXM 0 -> APIC 124 -> Node 0
<6>SRAT: PXM 0 -> APIC 125 -> Node 0
<6>SRAT: PXM 0 -> APIC 126 -> Node 0
<6>SRAT: PXM 0 -> APIC 127 -> Node 0
<6>SRAT: Node 0 PXM 0 0-a0000
<6>SRAT: Node 0 PXM 0 100000-40000000
<6>SRAT: Node 0 PXM 0 40000000-c0000000
<6>SRAT: hot plug zone found 40000000 - c0000000
<7>NUMA: Allocated memnodemap from 10000 - 11840
<7>NUMA: Using 20 for the hash shift.
<6>Bootmem setup node 0 0000000000000000-0000000040000000
<6>  NODE_DATA [0000000000011840 - 000000000004583f]
<6>  bootmap [0000000000046000 -  000000000004dfff] pages 8
<6>(7 early reservations) ==> bootmem [0000000000 - 0040000000]
<6>  #0 [0000000000 - 0000001000]   BIOS data page ==> [0000000000 - 0000001000]
<6>  #1 [0000006000 - 0000008000]       TRAMPOLINE ==> [0000006000 - 0000008000]
<6>  #2 [0001000000 - 000202bbe4]    TEXT DATA BSS ==> [0001000000 - 000202bbe4]
<6>  #3 [0036d61000 - 0037fefdc6]          RAMDISK ==> [0036d61000 - 0037fefdc6]
<6>  #4 [000009e800 - 0000100000]    BIOS reserved ==> [000009e800 - 0000100000]
<6>  #5 [000202c000 - 000202d9a0]              BRK ==> [000202c000 - 000202d9a0]
<6>  #6 [0000010000 - 0000011840]       MEMNODEMAP ==> [0000010000 - 0000011840]
<6>found SMP MP-table at [ffff8800000f6a80] f6a80
<6>Reserving 128MB of memory at 48MB for crashkernel (System RAM: 1024MB)
<7> [ffffea0000000000-ffffea00009fffff] PMD -> [ffff880002600000-ffff880002ffffff] on node 0
<7> [ffffea0000a00000-ffffea0000dfffff] PMD -> [ffff88000b000000-ffff88000b3fffff] on node 0
<4>Zone PFN ranges:
<4>  DMA      0x00000010 -> 0x00001000
<4>  DMA32    0x00001000 -> 0x00100000
<4>  Normal   0x00100000 -> 0x00100000
<4>Movable zone start PFN for each node
<4>early_node_map[3] active PFN ranges
<4>    0: 0x00000010 -> 0x0000009e
<4>    0: 0x00000100 -> 0x0003fee0
<4>    0: 0x0003ff00 -> 0x00040000
<7>On node 0 totalpages: 261998
<7>  DMA zone: 56 pages used for memmap
<7>  DMA zone: 101 pages reserved
<7>  DMA zone: 3825 pages, LIFO batch:0
<7>  DMA32 zone: 3528 pages used for memmap
<7>  DMA32 zone: 254488 pages, LIFO batch:31
<6>ACPI: PM-Timer IO Port: 0x1008
<7>ACPI: Local APIC address 0xfee00000
<7>system APIC only can use physical flat
<6>Setting APIC routing to physical flat.
<6>ACPI: LAPIC (acpi_id[0x00] lapic_id[0x00] enabled)
<6>ACPI: LAPIC (acpi_id[0x01] lapic_id[0x01] enabled)
<6>ACPI: LAPIC (acpi_id[0x02] lapic_id[0x02] disabled)
<6>ACPI: LAPIC (acpi_id[0x03] lapic_id[0x03] disabled)
<6>ACPI: LAPIC (acpi_id[0x04] lapic_id[0x04] disabled)
<6>ACPI: LAPIC (acpi_id[0x05] lapic_id[0x05] disabled)
<6>ACPI: LAPIC (acpi_id[0x06] lapic_id[0x06] disabled)
<6>ACPI: LAPIC (acpi_id[0x07] lapic_id[0x07] disabled)
<6>ACPI: LAPIC (acpi_id[0x08] lapic_id[0x08] disabled)
<6>ACPI: LAPIC (acpi_id[0x09] lapic_id[0x09] disabled)
<6>ACPI: LAPIC (acpi_id[0x0a] lapic_id[0x0a] disabled)
<6>ACPI: LAPIC (acpi_id[0x0b] lapic_id[0x0b] disabled)
<6>ACPI: LAPIC (acpi_id[0x0c] lapic_id[0x0c] disabled)
<6>ACPI: LAPIC (acpi_id[0x0d] lapic_id[0x0d] disabled)
<6>ACPI: LAPIC (acpi_id[0x0e] lapic_id[0x0e] disabled)
<6>ACPI: LAPIC (acpi_id[0x0f] lapic_id[0x0f] disabled)
<6>ACPI: LAPIC (acpi_id[0x10] lapic_id[0x10] disabled)
<6>ACPI: LAPIC (acpi_id[0x11] lapic_id[0x11] disabled)
<6>ACPI: LAPIC (acpi_id[0x12] lapic_id[0x12] disabled)
<6>ACPI: LAPIC (acpi_id[0x13] lapic_id[0x13] disabled)
<6>ACPI: LAPIC (acpi_id[0x14] lapic_id[0x14] disabled)
<6>ACPI: LAPIC (acpi_id[0x15] lapic_id[0x15] disabled)
<6>ACPI: LAPIC (acpi_id[0x16] lapic_id[0x16] disabled)
<6>ACPI: LAPIC (acpi_id[0x17] lapic_id[0x17] disabled)
<6>ACPI: LAPIC (acpi_id[0x18] lapic_id[0x18] disabled)
<6>ACPI: LAPIC (acpi_id[0x19] lapic_id[0x19] disabled)
<6>ACPI: LAPIC (acpi_id[0x1a] lapic_id[0x1a] disabled)
<6>ACPI: LAPIC (acpi_id[0x1b] lapic_id[0x1b] disabled)
<6>ACPI: LAPIC (acpi_id[0x1c] lapic_id[0x1c] disabled)
<6>ACPI: LAPIC (acpi_id[0x1d] lapic_id[0x1d] disabled)
<6>ACPI: LAPIC (acpi_id[0x1e] lapic_id[0x1e] disabled)
<6>ACPI: LAPIC (acpi_id[0x1f] lapic_id[0x1f] disabled)
<6>ACPI: LAPIC (acpi_id[0x20] lapic_id[0x20] disabled)
<6>ACPI: LAPIC (acpi_id[0x21] lapic_id[0x21] disabled)
<6>ACPI: LAPIC (acpi_id[0x22] lapic_id[0x22] disabled)
<6>ACPI: LAPIC (acpi_id[0x23] lapic_id[0x23] disabled)
<6>ACPI: LAPIC (acpi_id[0x24] lapic_id[0x24] disabled)
<6>ACPI: LAPIC (acpi_id[0x25] lapic_id[0x25] disabled)
<6>ACPI: LAPIC (acpi_id[0x26] lapic_id[0x26] disabled)
<6>ACPI: LAPIC (acpi_id[0x27] lapic_id[0x27] disabled)
<6>ACPI: LAPIC (acpi_id[0x28] lapic_id[0x28] disabled)
<6>ACPI: LAPIC (acpi_id[0x29] lapic_id[0x29] disabled)
<6>ACPI: LAPIC (acpi_id[0x2a] lapic_id[0x2a] disabled)
<6>ACPI: LAPIC (acpi_id[0x2b] lapic_id[0x2b] disabled)
<6>ACPI: LAPIC (acpi_id[0x2c] lapic_id[0x2c] disabled)
<6>ACPI: LAPIC (acpi_id[0x2d] lapic_id[0x2d] disabled)
<6>ACPI: LAPIC (acpi_id[0x2e] lapic_id[0x2e] disabled)
<6>ACPI: LAPIC (acpi_id[0x2f] lapic_id[0x2f] disabled)
<6>ACPI: LAPIC (acpi_id[0x30] lapic_id[0x30] disabled)
<6>ACPI: LAPIC (acpi_id[0x31] lapic_id[0x31] disabled)
<6>ACPI: LAPIC (acpi_id[0x32] lapic_id[0x32] disabled)
<6>ACPI: LAPIC (acpi_id[0x33] lapic_id[0x33] disabled)
<6>ACPI: LAPIC (acpi_id[0x34] lapic_id[0x34] disabled)
<6>ACPI: LAPIC (acpi_id[0x35] lapic_id[0x35] disabled)
<6>ACPI: LAPIC (acpi_id[0x36] lapic_id[0x36] disabled)
<6>ACPI: LAPIC (acpi_id[0x37] lapic_id[0x37] disabled)
<6>ACPI: LAPIC (acpi_id[0x38] lapic_id[0x38] disabled)
<6>ACPI: LAPIC (acpi_id[0x39] lapic_id[0x39] disabled)
<6>ACPI: LAPIC (acpi_id[0x3a] lapic_id[0x3a] disabled)
<6>ACPI: LAPIC (acpi_id[0x3b] lapic_id[0x3b] disabled)
<6>ACPI: LAPIC (acpi_id[0x3c] lapic_id[0x3c] disabled)
<6>ACPI: LAPIC (acpi_id[0x3d] lapic_id[0x3d] disabled)
<6>ACPI: LAPIC (acpi_id[0x3e] lapic_id[0x3e] disabled)
<6>ACPI: LAPIC (acpi_id[0x3f] lapic_id[0x3f] disabled)
<6>ACPI: LAPIC (acpi_id[0x40] lapic_id[0x40] disabled)
<6>ACPI: LAPIC (acpi_id[0x41] lapic_id[0x41] disabled)
<6>ACPI: LAPIC (acpi_id[0x42] lapic_id[0x42] disabled)
<6>ACPI: LAPIC (acpi_id[0x43] lapic_id[0x43] disabled)
<6>ACPI: LAPIC (acpi_id[0x44] lapic_id[0x44] disabled)
<6>ACPI: LAPIC (acpi_id[0x45] lapic_id[0x45] disabled)
<6>ACPI: LAPIC (acpi_id[0x46] lapic_id[0x46] disabled)
<6>ACPI: LAPIC (acpi_id[0x47] lapic_id[0x47] disabled)
<6>ACPI: LAPIC (acpi_id[0x48] lapic_id[0x48] disabled)
<6>ACPI: LAPIC (acpi_id[0x49] lapic_id[0x49] disabled)
<6>ACPI: LAPIC (acpi_id[0x4a] lapic_id[0x4a] disabled)
<6>ACPI: LAPIC (acpi_id[0x4b] lapic_id[0x4b] disabled)
<6>ACPI: LAPIC (acpi_id[0x4c] lapic_id[0x4c] disabled)
<6>ACPI: LAPIC (acpi_id[0x4d] lapic_id[0x4d] disabled)
<6>ACPI: LAPIC (acpi_id[0x4e] lapic_id[0x4e] disabled)
<6>ACPI: LAPIC (acpi_id[0x4f] lapic_id[0x4f] disabled)
<6>ACPI: LAPIC (acpi_id[0x50] lapic_id[0x50] disabled)
<6>ACPI: LAPIC (acpi_id[0x51] lapic_id[0x51] disabled)
<6>ACPI: LAPIC (acpi_id[0x52] lapic_id[0x52] disabled)
<6>ACPI: LAPIC (acpi_id[0x53] lapic_id[0x53] disabled)
<6>ACPI: LAPIC (acpi_id[0x54] lapic_id[0x54] disabled)
<6>ACPI: LAPIC (acpi_id[0x55] lapic_id[0x55] disabled)
<6>ACPI: LAPIC (acpi_id[0x56] lapic_id[0x56] disabled)
<6>ACPI: LAPIC (acpi_id[0x57] lapic_id[0x57] disabled)
<6>ACPI: LAPIC (acpi_id[0x58] lapic_id[0x58] disabled)
<6>ACPI: LAPIC (acpi_id[0x59] lapic_id[0x59] disabled)
<6>ACPI: LAPIC (acpi_id[0x5a] lapic_id[0x5a] disabled)
<6>ACPI: LAPIC (acpi_id[0x5b] lapic_id[0x5b] disabled)
<6>ACPI: LAPIC (acpi_id[0x5c] lapic_id[0x5c] disabled)
<6>ACPI: LAPIC (acpi_id[0x5d] lapic_id[0x5d] disabled)
<6>ACPI: LAPIC (acpi_id[0x5e] lapic_id[0x5e] disabled)
<6>ACPI: LAPIC (acpi_id[0x5f] lapic_id[0x5f] disabled)
<6>ACPI: LAPIC (acpi_id[0x60] lapic_id[0x60] disabled)
<6>ACPI: LAPIC (acpi_id[0x61] lapic_id[0x61] disabled)
<6>ACPI: LAPIC (acpi_id[0x62] lapic_id[0x62] disabled)
<6>ACPI: LAPIC (acpi_id[0x63] lapic_id[0x63] disabled)
<6>ACPI: LAPIC (acpi_id[0x64] lapic_id[0x64] disabled)
<6>ACPI: LAPIC (acpi_id[0x65] lapic_id[0x65] disabled)
<6>ACPI: LAPIC (acpi_id[0x66] lapic_id[0x66] disabled)
<6>ACPI: LAPIC (acpi_id[0x67] lapic_id[0x67] disabled)
<6>ACPI: LAPIC (acpi_id[0x68] lapic_id[0x68] disabled)
<6>ACPI: LAPIC (acpi_id[0x69] lapic_id[0x69] disabled)
<6>ACPI: LAPIC (acpi_id[0x6a] lapic_id[0x6a] disabled)
<6>ACPI: LAPIC (acpi_id[0x6b] lapic_id[0x6b] disabled)
<6>ACPI: LAPIC (acpi_id[0x6c] lapic_id[0x6c] disabled)
<6>ACPI: LAPIC (acpi_id[0x6d] lapic_id[0x6d] disabled)
<6>ACPI: LAPIC (acpi_id[0x6e] lapic_id[0x6e] disabled)
<6>ACPI: LAPIC (acpi_id[0x6f] lapic_id[0x6f] disabled)
<6>ACPI: LAPIC (acpi_id[0x70] lapic_id[0x70] disabled)
<6>ACPI: LAPIC (acpi_id[0x71] lapic_id[0x71] disabled)
<6>ACPI: LAPIC (acpi_id[0x72] lapic_id[0x72] disabled)
<6>ACPI: LAPIC (acpi_id[0x73] lapic_id[0x73] disabled)
<6>ACPI: LAPIC (acpi_id[0x74] lapic_id[0x74] disabled)
<6>ACPI: LAPIC (acpi_id[0x75] lapic_id[0x75] disabled)
<6>ACPI: LAPIC (acpi_id[0x76] lapic_id[0x76] disabled)
<6>ACPI: LAPIC (acpi_id[0x77] lapic_id[0x77] disabled)
<6>ACPI: LAPIC (acpi_id[0x78] lapic_id[0x78] disabled)
<6>ACPI: LAPIC (acpi_id[0x79] lapic_id[0x79] disabled)
<6>ACPI: LAPIC (acpi_id[0x7a] lapic_id[0x7a] disabled)
<6>ACPI: LAPIC (acpi_id[0x7b] lapic_id[0x7b] disabled)
<6>ACPI: LAPIC (acpi_id[0x7c] lapic_id[0x7c] disabled)
<6>ACPI: LAPIC (acpi_id[0x7d] lapic_id[0x7d] disabled)
<6>ACPI: LAPIC (acpi_id[0x7e] lapic_id[0x7e] disabled)
<6>ACPI: LAPIC (acpi_id[0x7f] lapic_id[0x7f] disabled)
<6>ACPI: LAPIC_NMI (acpi_id[0x00] high edge lint[0x1])
<6>ACPI: LAPIC_NMI (acpi_id[0x01] high edge lint[0x1])
<6>ACPI: LAPIC_NMI (acpi_id[0x02] high edge lint[0x1])
<6>ACPI: LAPIC_NMI (acpi_id[0x03] high edge lint[0x1])
<6>ACPI: LAPIC_NMI (acpi_id[0x04] high edge lint[0x1])
<6>ACPI: LAPIC_NMI (acpi_id[0x05] high edge lint[0x1])
<6>ACPI: LAPIC_NMI (acpi_id[0x06] high edge lint[0x1])
<6>ACPI: LAPIC_NMI (acpi_id[0x07] high edge lint[0x1])
<6>ACPI: LAPIC_NMI (acpi_id[0x08] high edge lint[0x1])
<6>ACPI: LAPIC_NMI (acpi_id[0x09] high edge lint[0x1])
<6>ACPI: LAPIC_NMI (acpi_id[0x0a] high edge lint[0x1])
<6>ACPI: LAPIC_NMI (acpi_id[0x0b] high edge lint[0x1])
<6>ACPI: LAPIC_NMI (acpi_id[0x0c] high edge lint[0x1])
<6>ACPI: LAPIC_NMI (acpi_id[0x0d] high edge lint[0x1])
<6>ACPI: LAPIC_NMI (acpi_id[0x0e] high edge lint[0x1])
<6>ACPI: LAPIC_NMI (acpi_id[0x0f] high edge lint[0x1])
<6>ACPI: LAPIC_NMI (acpi_id[0x10] high edge lint[0x1])
<6>ACPI: LAPIC_NMI (acpi_id[0x11] high edge lint[0x1])
<6>ACPI: LAPIC_NMI (acpi_id[0x12] high edge lint[0x1])
<6>ACPI: LAPIC_NMI (acpi_id[0x13] high edge lint[0x1])
<6>ACPI: LAPIC_NMI (acpi_id[0x14] high edge lint[0x1])
<6>ACPI: LAPIC_NMI (acpi_id[0x15] high edge lint[0x1])
<6>ACPI: LAPIC_NMI (acpi_id[0x16] high edge lint[0x1])
<6>ACPI: LAPIC_NMI (acpi_id[0x17] high edge lint[0x1])
<6>ACPI: LAPIC_NMI (acpi_id[0x18] high edge lint[0x1])
<6>ACPI: LAPIC_NMI (acpi_id[0x19] high edge lint[0x1])
<6>ACPI: LAPIC_NMI (acpi_id[0x1a] high edge lint[0x1])
<6>ACPI: LAPIC_NMI (acpi_id[0x1b] high edge lint[0x1])
<6>ACPI: LAPIC_NMI (acpi_id[0x1c] high edge lint[0x1])
<6>ACPI: LAPIC_NMI (acpi_id[0x1d] high edge lint[0x1])
<6>ACPI: LAPIC_NMI (acpi_id[0x1e] high edge lint[0x1])
<6>ACPI: LAPIC_NMI (acpi_id[0x1f] high edge lint[0x1])
<6>ACPI: LAPIC_NMI (acpi_id[0x20] high edge lint[0x1])
<6>ACPI: LAPIC_NMI (acpi_id[0x21] high edge lint[0x1])
<6>ACPI: LAPIC_NMI (acpi_id[0x22] high edge lint[0x1])
<6>ACPI: LAPIC_NMI (acpi_id[0x23] high edge lint[0x1])
<6>ACPI: LAPIC_NMI (acpi_id[0x24] high edge lint[0x1])
<6>ACPI: LAPIC_NMI (acpi_id[0x25] high edge lint[0x1])
<6>ACPI: LAPIC_NMI (acpi_id[0x26] high edge lint[0x1])
<6>ACPI: LAPIC_NMI (acpi_id[0x27] high edge lint[0x1])
<6>ACPI: LAPIC_NMI (acpi_id[0x28] high edge lint[0x1])
<6>ACPI: LAPIC_NMI (acpi_id[0x29] high edge lint[0x1])
<6>ACPI: LAPIC_NMI (acpi_id[0x2a] high edge lint[0x1])
<6>ACPI: LAPIC_NMI (acpi_id[0x2b] high edge lint[0x1])
<6>ACPI: LAPIC_NMI (acpi_id[0x2c] high edge lint[0x1])
<6>ACPI: LAPIC_NMI (acpi_id[0x2d] high edge lint[0x1])
<6>ACPI: LAPIC_NMI (acpi_id[0x2e] high edge lint[0x1])
<6>ACPI: LAPIC_NMI (acpi_id[0x2f] high edge lint[0x1])
<6>ACPI: LAPIC_NMI (acpi_id[0x30] high edge lint[0x1])
<6>ACPI: LAPIC_NMI (acpi_id[0x31] high edge lint[0x1])
<6>ACPI: LAPIC_NMI (acpi_id[0x32] high edge lint[0x1])
<6>ACPI: LAPIC_NMI (acpi_id[0x33] high edge lint[0x1])
<6>ACPI: LAPIC_NMI (acpi_id[0x34] high edge lint[0x1])
<6>ACPI: LAPIC_NMI (acpi_id[0x35] high edge lint[0x1])
<6>ACPI: LAPIC_NMI (acpi_id[0x36] high edge lint[0x1])
<6>ACPI: LAPIC_NMI (acpi_id[0x37] high edge lint[0x1])
<6>ACPI: LAPIC_NMI (acpi_id[0x38] high edge lint[0x1])
<6>ACPI: LAPIC_NMI (acpi_id[0x39] high edge lint[0x1])
<6>ACPI: LAPIC_NMI (acpi_id[0x3a] high edge lint[0x1])
<6>ACPI: LAPIC_NMI (acpi_id[0x3b] high edge lint[0x1])
<6>ACPI: LAPIC_NMI (acpi_id[0x3c] high edge lint[0x1])
<6>ACPI: LAPIC_NMI (acpi_id[0x3d] high edge lint[0x1])
<6>ACPI: LAPIC_NMI (acpi_id[0x3e] high edge lint[0x1])
<6>ACPI: LAPIC_NMI (acpi_id[0x3f] high edge lint[0x1])
<6>ACPI: LAPIC_NMI (acpi_id[0x40] high edge lint[0x1])
<6>ACPI: LAPIC_NMI (acpi_id[0x41] high edge lint[0x1])
<6>ACPI: LAPIC_NMI (acpi_id[0x42] high edge lint[0x1])
<6>ACPI: LAPIC_NMI (acpi_id[0x43] high edge lint[0x1])
<6>ACPI: LAPIC_NMI (acpi_id[0x44] high edge lint[0x1])
<6>ACPI: LAPIC_NMI (acpi_id[0x45] high edge lint[0x1])
<6>ACPI: LAPIC_NMI (acpi_id[0x46] high edge lint[0x1])
<6>ACPI: LAPIC_NMI (acpi_id[0x47] high edge lint[0x1])
<6>ACPI: LAPIC_NMI (acpi_id[0x48] high edge lint[0x1])
<6>ACPI: LAPIC_NMI (acpi_id[0x49] high edge lint[0x1])
<6>ACPI: LAPIC_NMI (acpi_id[0x4a] high edge lint[0x1])
<6>ACPI: LAPIC_NMI (acpi_id[0x4b] high edge lint[0x1])
<6>ACPI: LAPIC_NMI (acpi_id[0x4c] high edge lint[0x1])
<6>ACPI: LAPIC_NMI (acpi_id[0x4d] high edge lint[0x1])
<6>ACPI: LAPIC_NMI (acpi_id[0x4e] high edge lint[0x1])
<6>ACPI: LAPIC_NMI (acpi_id[0x4f] high edge lint[0x1])
<6>ACPI: LAPIC_NMI (acpi_id[0x50] high edge lint[0x1])
<6>ACPI: LAPIC_NMI (acpi_id[0x51] high edge lint[0x1])
<6>ACPI: LAPIC_NMI (acpi_id[0x52] high edge lint[0x1])
<6>ACPI: LAPIC_NMI (acpi_id[0x53] high edge lint[0x1])
<6>ACPI: LAPIC_NMI (acpi_id[0x54] high edge lint[0x1])
<6>ACPI: LAPIC_NMI (acpi_id[0x55] high edge lint[0x1])
<6>ACPI: LAPIC_NMI (acpi_id[0x56] high edge lint[0x1])
<6>ACPI: LAPIC_NMI (acpi_id[0x57] high edge lint[0x1])
<6>ACPI: LAPIC_NMI (acpi_id[0x58] high edge lint[0x1])
<6>ACPI: LAPIC_NMI (acpi_id[0x59] high edge lint[0x1])
<6>ACPI: LAPIC_NMI (acpi_id[0x5a] high edge lint[0x1])
<6>ACPI: LAPIC_NMI (acpi_id[0x5b] high edge lint[0x1])
<6>ACPI: LAPIC_NMI (acpi_id[0x5c] high edge lint[0x1])
<6>ACPI: LAPIC_NMI (acpi_id[0x5d] high edge lint[0x1])
<6>ACPI: LAPIC_NMI (acpi_id[0x5e] high edge lint[0x1])
<6>ACPI: LAPIC_NMI (acpi_id[0x5f] high edge lint[0x1])
<6>ACPI: LAPIC_NMI (acpi_id[0x60] high edge lint[0x1])
<6>ACPI: LAPIC_NMI (acpi_id[0x61] high edge lint[0x1])
<6>ACPI: LAPIC_NMI (acpi_id[0x62] high edge lint[0x1])
<6>ACPI: LAPIC_NMI (acpi_id[0x63] high edge lint[0x1])
<6>ACPI: LAPIC_NMI (acpi_id[0x64] high edge lint[0x1])
<6>ACPI: LAPIC_NMI (acpi_id[0x65] high edge lint[0x1])
<6>ACPI: LAPIC_NMI (acpi_id[0x66] high edge lint[0x1])
<6>ACPI: LAPIC_NMI (acpi_id[0x67] high edge lint[0x1])
<6>ACPI: LAPIC_NMI (acpi_id[0x68] high edge lint[0x1])
<6>ACPI: LAPIC_NMI (acpi_id[0x69] high edge lint[0x1])
<6>ACPI: LAPIC_NMI (acpi_id[0x6a] high edge lint[0x1])
<6>ACPI: LAPIC_NMI (acpi_id[0x6b] high edge lint[0x1])
<6>ACPI: LAPIC_NMI (acpi_id[0x6c] high edge lint[0x1])
<6>ACPI: LAPIC_NMI (acpi_id[0x6d] high edge lint[0x1])
<6>ACPI: LAPIC_NMI (acpi_id[0x6e] high edge lint[0x1])
<6>ACPI: LAPIC_NMI (acpi_id[0x6f] high edge lint[0x1])
<6>ACPI: LAPIC_NMI (acpi_id[0x70] high edge lint[0x1])
<6>ACPI: LAPIC_NMI (acpi_id[0x71] high edge lint[0x1])
<6>ACPI: LAPIC_NMI (acpi_id[0x72] high edge lint[0x1])
<6>ACPI: LAPIC_NMI (acpi_id[0x73] high edge lint[0x1])
<6>ACPI: LAPIC_NMI (acpi_id[0x74] high edge lint[0x1])
<6>ACPI: LAPIC_NMI (acpi_id[0x75] high edge lint[0x1])
<6>ACPI: LAPIC_NMI (acpi_id[0x76] high edge lint[0x1])
<6>ACPI: LAPIC_NMI (acpi_id[0x77] high edge lint[0x1])
<6>ACPI: LAPIC_NMI (acpi_id[0x78] high edge lint[0x1])
<6>ACPI: LAPIC_NMI (acpi_id[0x79] high edge lint[0x1])
<6>ACPI: LAPIC_NMI (acpi_id[0x7a] high edge lint[0x1])
<6>ACPI: LAPIC_NMI (acpi_id[0x7b] high edge lint[0x1])
<6>ACPI: LAPIC_NMI (acpi_id[0x7c] high edge lint[0x1])
<6>ACPI: LAPIC_NMI (acpi_id[0x7d] high edge lint[0x1])
<6>ACPI: LAPIC_NMI (acpi_id[0x7e] high edge lint[0x1])
<6>ACPI: LAPIC_NMI (acpi_id[0x7f] high edge lint[0x1])
<6>ACPI: IOAPIC (id[0x80] address[0xfec00000] gsi_base[0])
<6>IOAPIC[0]: apic_id 128, version 17, address 0xfec00000, GSI 0-23
<6>ACPI: INT_SRC_OVR (bus 0 bus_irq 0 global_irq 2 high edge)
<7>ACPI: IRQ0 used by override.
<7>ACPI: IRQ2 used by override.
<7>ACPI: IRQ9 used by override.
<6>Using ACPI (MADT) for SMP configuration information
<6>ACPI: HPET id: 0x8086af01 base: 0xfed00000
<6>SMP: Allowing 128 CPUs, 126 hotplug CPUs
<7>nr_irqs_gsi: 24
<6>PM: Registered nosave memory: 000000000009e000 - 000000000009f000
<6>PM: Registered nosave memory: 000000000009f000 - 00000000000a0000
<6>PM: Registered nosave memory: 00000000000a0000 - 00000000000dc000
<6>PM: Registered nosave memory: 00000000000dc000 - 0000000000100000
<6>PM: Registered nosave memory: 000000003fee0000 - 000000003feff000
<6>PM: Registered nosave memory: 000000003feff000 - 000000003ff00000
<6>Allocating PCI resources starting at 40000000 (gap: 40000000:b0000000)
<6>Booting paravirtualized kernel on bare hardware
<6>NR_CPUS:4096 nr_cpumask_bits:128 nr_cpu_ids:128 nr_node_ids:1
<6>PERCPU: Embedded 31 pages/cpu @ffff88000b400000 s95064 r8192 d23720 u131072
<6>pcpu-alloc: s95064 r8192 d23720 u131072 alloc=1*2097152
<6>pcpu-alloc: [0] 000 001 002 003 004 005 006 007 008 009 010 011 012 013 014 015 
<6>pcpu-alloc: [0] 016 017 018 019 020 021 022 023 024 025 026 027 028 029 030 031 
<6>pcpu-alloc: [0] 032 033 034 035 036 037 038 039 040 041 042 043 044 045 046 047 
<6>pcpu-alloc: [0] 048 049 050 051 052 053 054 055 056 057 058 059 060 061 062 063 
<6>pcpu-alloc: [0] 064 065 066 067 068 069 070 071 072 073 074 075 076 077 078 079 
<6>pcpu-alloc: [0] 080 081 082 083 084 085 086 087 088 089 090 091 092 093 094 095 
<6>pcpu-alloc: [0] 096 097 098 099 100 101 102 103 104 105 106 107 108 109 110 111 
<6>pcpu-alloc: [0] 112 113 114 115 116 117 118 119 120 121 122 123 124 125 126 127 
<4>Built 1 zonelists in Node order, mobility grouping on.  Total pages: 258313
<4>Policy zone: DMA32
<5>Kernel command line: ro root=/dev/mapper/VolGroup-lv_root rd_NO_LUKS LANG=ko_KR.UTF-8 rd_NO_MD rd_LVM_LV=VolGroup/lv_swap crashkernel=128M rd_LVM_LV=VolGroup/lv_root  KEYBOARDTYPE=pc KEYTABLE=us rd_NO_DM rhgb quiet transparent_hugepage=never
<6>PID hash table entries: 4096 (order: 3, 32768 bytes)
<6>xsave/xrstor: enabled xstate_bv 0x7, cntxt size 0x340
<6>Checking aperture...
<6>No AGP bridge found
<6>Memory: 850620k/1048576k available (5336k kernel code, 584k absent, 197372k reserved, 7016k data, 1296k init)
<6>Hierarchical RCU implementation.
<6>NR_IRQS:33024 nr_irqs:1432
<6>Extended CMOS year: 2000
<4>Console: colour VGA+ 80x25
<6>console [tty0] enabled
<6>allocated 4194304 bytes of page_cgroup
<6>please try 'cgroup_disable=memory' option if you don't want memory cgroups
<7>hpet clockevent registered
<6>TSC freq read from hypervisor : 2194.959 MHz
<4>Detected 2194.959 MHz processor.
<6>Calibrating delay loop (skipped) preset value.. 4389.91 BogoMIPS (lpj=2194959)
<6>pid_max: default: 131072 minimum: 1024
<6>Security Framework initialized
<6>SELinux:  Initializing.
<7>SELinux:  Starting in permissive mode
<6>Dentry cache hash table entries: 131072 (order: 8, 1048576 bytes)
<6>Inode-cache hash table entries: 65536 (order: 7, 524288 bytes)
<4>Mount-cache hash table entries: 256
<6>Initializing cgroup subsys ns
<6>Initializing cgroup subsys cpuacct
<6>Initializing cgroup subsys memory
<6>Initializing cgroup subsys devices
<6>Initializing cgroup subsys freezer
<6>Initializing cgroup subsys net_cls
<6>Initializing cgroup subsys blkio
<6>Initializing cgroup subsys perf_event
<6>Initializing cgroup subsys net_prio
<6>Disabled fast string operations
<6>CPU: Physical Processor ID: 0
<6>CPU: Processor Core ID: 0
<6>mce: CPU supports 0 MCE banks
<6>alternatives: switching to unfair spinlock
<6>ACPI: Core revision 20090903
<6>ftrace: converting mcount calls to 0f 1f 44 00 00
<6>ftrace: allocating 21917 entries in 86 pages
<6>Enabling x2apic
<6>Enabled x2apic
<6>APIC routing finalized to physical x2apic.
<6>..TIMER: vector=0x30 apic1=0 pin1=2 apic2=-1 pin2=-1
<6>CPU0: Intel(R) Core(TM) i5-5200U CPU @ 2.20GHz stepping 04
<6>Performance Events: generic architected perfmon v1, core PMU driver.
<4>CPUID marked event: 'cpu cycles' unavailable
<4>CPUID marked event: 'instructions' unavailable
<4>CPUID marked event: 'bus cycles' unavailable
<4>CPUID marked event: 'cache references' unavailable
<4>CPUID marked event: 'cache misses' unavailable
<4>CPUID marked event: 'branch instructions' unavailable
<4>CPUID marked event: 'branch misses' unavailable
<6>... version:                1
<6>... bit width:              48
<6>... generic registers:      4
<6>... value mask:             0000ffffffffffff
<6>... max period:             000000007fffffff
<6>... fixed-purpose events:   0
<6>... event mask:             000000000000000f
<4>NMI watchdog disabled (cpu0): hardware events not enabled
<6>Booting Node   0, Processors  #1
<6>Disabled fast string operations
<6>mce: CPU supports 0 MCE banks
<6>Brought up 2 CPUs
<6>Total of 2 processors activated (8779.83 BogoMIPS).
<7>sizeof(vma)=200 bytes
<7>sizeof(page)=56 bytes
<7>sizeof(inode)=592 bytes
<7>sizeof(dentry)=192 bytes
<7>sizeof(ext3inode)=800 bytes
<7>sizeof(buffer_head)=104 bytes
<7>sizeof(skbuff)=232 bytes
<7>sizeof(task_struct)=2656 bytes
<6>devtmpfs: initialized
<6>PM: Registering ACPI NVS region at 3feff000 (4096 bytes)
<6>regulator: core version 0.5
<6>NET: Registered protocol family 16
<6>ACPI: bus type pci registered
<5>PCI: MCFG configuration 0: base f0000000 segment 0 buses 0 - 127
<5>PCI: MCFG area at f0000000 reserved in E820
<6>PCI: Using MMCONFIG at f0000000 - f7ffffff
<6>PCI: Using configuration type 1 for base access
<4>bio: create slab <bio-0> at 0
<7>ACPI: EC: Look up EC in DSDT
<5>ACPI: BIOS _OSI(Linux) query ignored
<6>ACPI: Interpreter enabled
<6>ACPI: (supports S0 S1 S4 S5)
<6>ACPI: Using IOAPIC for interrupt routing
<6>ACPI: No dock devices found.
<6>PCI: Using host bridge windows from ACPI; if necessary, use "pci=nocrs" and report a bug
<6>ACPI: PCI Root Bridge [PCI0] (domain 0000 [bus 00-7f])
<6>pci_root PNP0A03:00: host bridge window [mem 0x000a0000-0x000bffff]
<6>pci_root PNP0A03:00: host bridge window [mem 0x000d0000-0x000d3fff]
<6>pci_root PNP0A03:00: host bridge window [mem 0x000d4000-0x000d7fff]
<6>pci_root PNP0A03:00: host bridge window [mem 0x000d8000-0x000dbfff]
<6>pci_root PNP0A03:00: host bridge window [mem 0xc0000000-0xfebfffff]
<6>pci_root PNP0A03:00: host bridge window [io  0x0000-0x0cf7]
<6>pci_root PNP0A03:00: host bridge window [io  0x0d00-0xfeff]
<6>PCI host bridge to bus 0000:00
<6>pci_bus 0000:00: root bus resource [mem 0x000a0000-0x000bffff]
<6>pci_bus 0000:00: root bus resource [mem 0x000d0000-0x000d3fff]
<6>pci_bus 0000:00: root bus resource [mem 0x000d4000-0x000d7fff]
<6>pci_bus 0000:00: root bus resource [mem 0x000d8000-0x000dbfff]
<6>pci_bus 0000:00: root bus resource [mem 0xc0000000-0xfebfffff]
<6>pci_bus 0000:00: root bus resource [io  0x0000-0x0cf7]
<6>pci_bus 0000:00: root bus resource [io  0x0d00-0xfeff]
<7>pci 0000:00:07.1: reg 20: [io  0x1060-0x106f]
<6>pci 0000:00:07.3: quirk: [io  0x1000-0x103f] claimed by PIIX4 ACPI
<6>pci 0000:00:07.3: quirk: [io  0x1040-0x104f] claimed by PIIX4 SMB
<7>pci 0000:00:07.7: reg 10: [io  0x1080-0x10bf]
<7>pci 0000:00:07.7: reg 14: [mem 0xfebfe000-0xfebfffff 64bit]
<7>pci 0000:00:0f.0: reg 10: [io  0x1070-0x107f]
<7>pci 0000:00:0f.0: reg 14: [mem 0xe8000000-0xefffffff pref]
<7>pci 0000:00:0f.0: reg 18: [mem 0xfe000000-0xfe7fffff]
<7>pci 0000:00:0f.0: reg 30: [mem 0x00000000-0x00007fff pref]
<7>pci 0000:00:10.0: reg 10: [io  0x1400-0x14ff]
<7>pci 0000:00:10.0: reg 14: [mem 0xfeba0000-0xfebbffff 64bit]
<7>pci 0000:00:10.0: reg 1c: [mem 0xfebc0000-0xfebdffff 64bit]
<7>pci 0000:00:10.0: reg 30: [mem 0x00000000-0x00003fff pref]
<6>pci 0000:00:15.0: PME# supported from D0 D3hot D3cold
<6>pci 0000:00:15.0: PME# disabled
<6>pci 0000:00:15.1: PME# supported from D0 D3hot D3cold
<6>pci 0000:00:15.1: PME# disabled
<6>pci 0000:00:15.2: PME# supported from D0 D3hot D3cold
<6>pci 0000:00:15.2: PME# disabled
<6>pci 0000:00:15.3: PME# supported from D0 D3hot D3cold
<6>pci 0000:00:15.3: PME# disabled
<6>pci 0000:00:15.4: PME# supported from D0 D3hot D3cold
<6>pci 0000:00:15.4: PME# disabled
<6>pci 0000:00:15.5: PME# supported from D0 D3hot D3cold
<6>pci 0000:00:15.5: PME# disabled
<6>pci 0000:00:15.6: PME# supported from D0 D3hot D3cold
<6>pci 0000:00:15.6: PME# disabled
<6>pci 0000:00:15.7: PME# supported from D0 D3hot D3cold
<6>pci 0000:00:15.7: PME# disabled
<6>pci 0000:00:16.0: PME# supported from D0 D3hot D3cold
<6>pci 0000:00:16.0: PME# disabled
<6>pci 0000:00:16.1: PME# supported from D0 D3hot D3cold
<6>pci 0000:00:16.1: PME# disabled
<6>pci 0000:00:16.2: PME# supported from D0 D3hot D3cold
<6>pci 0000:00:16.2: PME# disabled
<6>pci 0000:00:16.3: PME# supported from D0 D3hot D3cold
<6>pci 0000:00:16.3: PME# disabled
<6>pci 0000:00:16.4: PME# supported from D0 D3hot D3cold
<6>pci 0000:00:16.4: PME# disabled
<6>pci 0000:00:16.5: PME# supported from D0 D3hot D3cold
<6>pci 0000:00:16.5: PME# disabled
<6>pci 0000:00:16.6: PME# supported from D0 D3hot D3cold
<6>pci 0000:00:16.6: PME# disabled
<6>pci 0000:00:16.7: PME# supported from D0 D3hot D3cold
<6>pci 0000:00:16.7: PME# disabled
<6>pci 0000:00:17.0: PME# supported from D0 D3hot D3cold
<6>pci 0000:00:17.0: PME# disabled
<6>pci 0000:00:17.1: PME# supported from D0 D3hot D3cold
<6>pci 0000:00:17.1: PME# disabled
<6>pci 0000:00:17.2: PME# supported from D0 D3hot D3cold
<6>pci 0000:00:17.2: PME# disabled
<6>pci 0000:00:17.3: PME# supported from D0 D3hot D3cold
<6>pci 0000:00:17.3: PME# disabled
<6>pci 0000:00:17.4: PME# supported from D0 D3hot D3cold
<6>pci 0000:00:17.4: PME# disabled
<6>pci 0000:00:17.5: PME# supported from D0 D3hot D3cold
<6>pci 0000:00:17.5: PME# disabled
<6>pci 0000:00:17.6: PME# supported from D0 D3hot D3cold
<6>pci 0000:00:17.6: PME# disabled
<6>pci 0000:00:17.7: PME# supported from D0 D3hot D3cold
<6>pci 0000:00:17.7: PME# disabled
<6>pci 0000:00:18.0: PME# supported from D0 D3hot D3cold
<6>pci 0000:00:18.0: PME# disabled
<6>pci 0000:00:18.1: PME# supported from D0 D3hot D3cold
<6>pci 0000:00:18.1: PME# disabled
<6>pci 0000:00:18.2: PME# supported from D0 D3hot D3cold
<6>pci 0000:00:18.2: PME# disabled
<6>pci 0000:00:18.3: PME# supported from D0 D3hot D3cold
<6>pci 0000:00:18.3: PME# disabled
<6>pci 0000:00:18.4: PME# supported from D0 D3hot D3cold
<6>pci 0000:00:18.4: PME# disabled
<6>pci 0000:00:18.5: PME# supported from D0 D3hot D3cold
<6>pci 0000:00:18.5: PME# disabled
<6>pci 0000:00:18.6: PME# supported from D0 D3hot D3cold
<6>pci 0000:00:18.6: PME# disabled
<6>pci 0000:00:18.7: PME# supported from D0 D3hot D3cold
<6>pci 0000:00:18.7: PME# disabled
<6>pci 0000:00:01.0: PCI bridge to [bus 01-01]
<7>pci 0000:02:00.0: reg 20: [io  0x20c0-0x20df]
<7>pci 0000:02:01.0: reg 10: [mem 0xfd5c0000-0xfd5dffff 64bit]
<7>pci 0000:02:01.0: reg 18: [mem 0xfdff0000-0xfdffffff 64bit]
<7>pci 0000:02:01.0: reg 20: [io  0x2000-0x203f]
<7>pci 0000:02:01.0: reg 30: [mem 0x00000000-0x0000ffff pref]
<7>pci 0000:02:02.0: reg 10: [io  0x2040-0x207f]
<7>pci 0000:02:03.0: reg 10: [mem 0xfd5bf000-0xfd5bffff]
<7>pci 0000:02:05.0: reg 24: [mem 0xfd5be000-0xfd5befff]
<7>pci 0000:02:05.0: reg 30: [mem 0x00000000-0x0000ffff pref]
<6>pci 0000:02:05.0: PME# supported from D3hot
<6>pci 0000:02:05.0: PME# disabled
<7>pci 0000:02:06.0: reg 10: [mem 0xfd580000-0xfd59ffff 64bit]
<7>pci 0000:02:06.0: reg 18: [mem 0xfdfe0000-0xfdfeffff 64bit]
<7>pci 0000:02:06.0: reg 20: [io  0x2080-0x20bf]
<7>pci 0000:02:06.0: reg 30: [mem 0x00000000-0x0000ffff pref]
<6>pci 0000:00:11.0: PCI bridge to [bus 02-02] (subtractive decode)
<7>pci 0000:00:11.0:   bridge window [io  0x2000-0x3fff]
<7>pci 0000:00:11.0:   bridge window [mem 0xfd500000-0xfdffffff]
<7>pci 0000:00:11.0:   bridge window [mem 0xe7b00000-0xe7ffffff 64bit pref]
<7>pci 0000:00:11.0:   bridge window [mem 0x000a0000-0x000bffff] (subtractive decode)
<7>pci 0000:00:11.0:   bridge window [mem 0x000d0000-0x000d3fff] (subtractive decode)
<7>pci 0000:00:11.0:   bridge window [mem 0x000d4000-0x000d7fff] (subtractive decode)
<7>pci 0000:00:11.0:   bridge window [mem 0x000d8000-0x000dbfff] (subtractive decode)
<7>pci 0000:00:11.0:   bridge window [mem 0xc0000000-0xfebfffff] (subtractive decode)
<7>pci 0000:00:11.0:   bridge window [io  0x0000-0x0cf7] (subtractive decode)
<7>pci 0000:00:11.0:   bridge window [io  0x0d00-0xfeff] (subtractive decode)
<6>pci 0000:00:15.0: PCI bridge to [bus 03-03]
<7>pci 0000:00:15.0:   bridge window [io  0x4000-0x4fff]
<7>pci 0000:00:15.0:   bridge window [mem 0xfd400000-0xfd4fffff]
<7>pci 0000:00:15.0:   bridge window [mem 0xe7a00000-0xe7afffff 64bit pref]
<6>pci 0000:00:15.1: PCI bridge to [bus 04-04]
<7>pci 0000:00:15.1:   bridge window [io  0x8000-0x8fff]
<7>pci 0000:00:15.1:   bridge window [mem 0xfd000000-0xfd0fffff]
<7>pci 0000:00:15.1:   bridge window [mem 0xe7600000-0xe76fffff 64bit pref]
<6>pci 0000:00:15.2: PCI bridge to [bus 05-05]
<7>pci 0000:00:15.2:   bridge window [io  0xc000-0xcfff]
<7>pci 0000:00:15.2:   bridge window [mem 0xfcc00000-0xfccfffff]
<7>pci 0000:00:15.2:   bridge window [mem 0xe7200000-0xe72fffff 64bit pref]
<6>pci 0000:00:15.3: PCI bridge to [bus 06-06]
<7>pci 0000:00:15.3:   bridge window [mem 0xfc800000-0xfc8fffff]
<7>pci 0000:00:15.3:   bridge window [mem 0xe6e00000-0xe6efffff 64bit pref]
<6>pci 0000:00:15.4: PCI bridge to [bus 07-07]
<7>pci 0000:00:15.4:   bridge window [mem 0xfc400000-0xfc4fffff]
<7>pci 0000:00:15.4:   bridge window [mem 0xe6a00000-0xe6afffff 64bit pref]
<6>pci 0000:00:15.5: PCI bridge to [bus 08-08]
<7>pci 0000:00:15.5:   bridge window [mem 0xfc000000-0xfc0fffff]
<7>pci 0000:00:15.5:   bridge window [mem 0xe6600000-0xe66fffff 64bit pref]
<6>pci 0000:00:15.6: PCI bridge to [bus 09-09]
<7>pci 0000:00:15.6:   bridge window [mem 0xfbc00000-0xfbcfffff]
<7>pci 0000:00:15.6:   bridge window [mem 0xe6200000-0xe62fffff 64bit pref]
<6>pci 0000:00:15.7: PCI bridge to [bus 0a-0a]
<7>pci 0000:00:15.7:   bridge window [mem 0xfb800000-0xfb8fffff]
<7>pci 0000:00:15.7:   bridge window [mem 0xe5e00000-0xe5efffff 64bit pref]
<6>pci 0000:00:16.0: PCI bridge to [bus 0b-0b]
<7>pci 0000:00:16.0:   bridge window [io  0x5000-0x5fff]
<7>pci 0000:00:16.0:   bridge window [mem 0xfd300000-0xfd3fffff]
<7>pci 0000:00:16.0:   bridge window [mem 0xe7900000-0xe79fffff 64bit pref]
<6>pci 0000:00:16.1: PCI bridge to [bus 0c-0c]
<7>pci 0000:00:16.1:   bridge window [io  0x9000-0x9fff]
<7>pci 0000:00:16.1:   bridge window [mem 0xfcf00000-0xfcffffff]
<7>pci 0000:00:16.1:   bridge window [mem 0xe7500000-0xe75fffff 64bit pref]
<6>pci 0000:00:16.2: PCI bridge to [bus 0d-0d]
<7>pci 0000:00:16.2:   bridge window [io  0xd000-0xdfff]
<7>pci 0000:00:16.2:   bridge window [mem 0xfcb00000-0xfcbfffff]
<7>pci 0000:00:16.2:   bridge window [mem 0xe7100000-0xe71fffff 64bit pref]
<6>pci 0000:00:16.3: PCI bridge to [bus 0e-0e]
<7>pci 0000:00:16.3:   bridge window [mem 0xfc700000-0xfc7fffff]
<7>pci 0000:00:16.3:   bridge window [mem 0xe6d00000-0xe6dfffff 64bit pref]
<6>pci 0000:00:16.4: PCI bridge to [bus 0f-0f]
<7>pci 0000:00:16.4:   bridge window [mem 0xfc300000-0xfc3fffff]
<7>pci 0000:00:16.4:   bridge window [mem 0xe6900000-0xe69fffff 64bit pref]
<6>pci 0000:00:16.5: PCI bridge to [bus 10-10]
<7>pci 0000:00:16.5:   bridge window [mem 0xfbf00000-0xfbffffff]
<7>pci 0000:00:16.5:   bridge window [mem 0xe6500000-0xe65fffff 64bit pref]
<6>pci 0000:00:16.6: PCI bridge to [bus 11-11]
<7>pci 0000:00:16.6:   bridge window [mem 0xfbb00000-0xfbbfffff]
<7>pci 0000:00:16.6:   bridge window [mem 0xe6100000-0xe61fffff 64bit pref]
<6>pci 0000:00:16.7: PCI bridge to [bus 12-12]
<7>pci 0000:00:16.7:   bridge window [mem 0xfb700000-0xfb7fffff]
<7>pci 0000:00:16.7:   bridge window [mem 0xe5d00000-0xe5dfffff 64bit pref]
<6>pci 0000:00:17.0: PCI bridge to [bus 13-13]
<7>pci 0000:00:17.0:   bridge window [io  0x6000-0x6fff]
<7>pci 0000:00:17.0:   bridge window [mem 0xfd200000-0xfd2fffff]
<7>pci 0000:00:17.0:   bridge window [mem 0xe7800000-0xe78fffff 64bit pref]
<6>pci 0000:00:17.1: PCI bridge to [bus 14-14]
<7>pci 0000:00:17.1:   bridge window [io  0xa000-0xafff]
<7>pci 0000:00:17.1:   bridge window [mem 0xfce00000-0xfcefffff]
<7>pci 0000:00:17.1:   bridge window [mem 0xe7400000-0xe74fffff 64bit pref]
<6>pci 0000:00:17.2: PCI bridge to [bus 15-15]
<7>pci 0000:00:17.2:   bridge window [io  0xe000-0xefff]
<7>pci 0000:00:17.2:   bridge window [mem 0xfca00000-0xfcafffff]
<7>pci 0000:00:17.2:   bridge window [mem 0xe7000000-0xe70fffff 64bit pref]
<6>pci 0000:00:17.3: PCI bridge to [bus 16-16]
<7>pci 0000:00:17.3:   bridge window [mem 0xfc600000-0xfc6fffff]
<7>pci 0000:00:17.3:   bridge window [mem 0xe6c00000-0xe6cfffff 64bit pref]
<6>pci 0000:00:17.4: PCI bridge to [bus 17-17]
<7>pci 0000:00:17.4:   bridge window [mem 0xfc200000-0xfc2fffff]
<7>pci 0000:00:17.4:   bridge window [mem 0xe6800000-0xe68fffff 64bit pref]
<6>pci 0000:00:17.5: PCI bridge to [bus 18-18]
<7>pci 0000:00:17.5:   bridge window [mem 0xfbe00000-0xfbefffff]
<7>pci 0000:00:17.5:   bridge window [mem 0xe6400000-0xe64fffff 64bit pref]
<6>pci 0000:00:17.6: PCI bridge to [bus 19-19]
<7>pci 0000:00:17.6:   bridge window [mem 0xfba00000-0xfbafffff]
<7>pci 0000:00:17.6:   bridge window [mem 0xe6000000-0xe60fffff 64bit pref]
<6>pci 0000:00:17.7: PCI bridge to [bus 1a-1a]
<7>pci 0000:00:17.7:   bridge window [mem 0xfb600000-0xfb6fffff]
<7>pci 0000:00:17.7:   bridge window [mem 0xe5c00000-0xe5cfffff 64bit pref]
<6>pci 0000:00:18.0: PCI bridge to [bus 1b-1b]
<7>pci 0000:00:18.0:   bridge window [io  0x7000-0x7fff]
<7>pci 0000:00:18.0:   bridge window [mem 0xfd100000-0xfd1fffff]
<7>pci 0000:00:18.0:   bridge window [mem 0xe7700000-0xe77fffff 64bit pref]
<6>pci 0000:00:18.1: PCI bridge to [bus 1c-1c]
<7>pci 0000:00:18.1:   bridge window [io  0xb000-0xbfff]
<7>pci 0000:00:18.1:   bridge window [mem 0xfcd00000-0xfcdfffff]
<7>pci 0000:00:18.1:   bridge window [mem 0xe7300000-0xe73fffff 64bit pref]
<6>pci 0000:00:18.2: PCI bridge to [bus 1d-1d]
<7>pci 0000:00:18.2:   bridge window [mem 0xfc900000-0xfc9fffff]
<7>pci 0000:00:18.2:   bridge window [mem 0xe6f00000-0xe6ffffff 64bit pref]
<6>pci 0000:00:18.3: PCI bridge to [bus 1e-1e]
<7>pci 0000:00:18.3:   bridge window [mem 0xfc500000-0xfc5fffff]
<7>pci 0000:00:18.3:   bridge window [mem 0xe6b00000-0xe6bfffff 64bit pref]
<6>pci 0000:00:18.4: PCI bridge to [bus 1f-1f]
<7>pci 0000:00:18.4:   bridge window [mem 0xfc100000-0xfc1fffff]
<7>pci 0000:00:18.4:   bridge window [mem 0xe6700000-0xe67fffff 64bit pref]
<6>pci 0000:00:18.5: PCI bridge to [bus 20-20]
<7>pci 0000:00:18.5:   bridge window [mem 0xfbd00000-0xfbdfffff]
<7>pci 0000:00:18.5:   bridge window [mem 0xe6300000-0xe63fffff 64bit pref]
<6>pci 0000:00:18.6: PCI bridge to [bus 21-21]
<7>pci 0000:00:18.6:   bridge window [mem 0xfb900000-0xfb9fffff]
<7>pci 0000:00:18.6:   bridge window [mem 0xe5f00000-0xe5ffffff 64bit pref]
<6>pci 0000:00:18.7: PCI bridge to [bus 22-22]
<7>pci 0000:00:18.7:   bridge window [mem 0xfb500000-0xfb5fffff]
<7>pci 0000:00:18.7:   bridge window [mem 0xe5b00000-0xe5bfffff 64bit pref]
<7>ACPI: PCI Interrupt Routing Table [\_SB_.PCI0._PRT]
<6> pci0000:00: Requesting ACPI _OSC control (0x1d)
<6> pci0000:00: ACPI _OSC control (0x15) granted
<6>ACPI: PCI Interrupt Link [LNKA] (IRQs 3 4 5 6 7 *9 10 11 14 15)
<6>ACPI: PCI Interrupt Link [LNKB] (IRQs 3 4 5 6 7 9 10 *11 14 15)
<6>ACPI: PCI Interrupt Link [LNKC] (IRQs 3 4 5 6 7 9 *10 11 14 15)
<6>ACPI: PCI Interrupt Link [LNKD] (IRQs 3 4 5 6 *7 9 10 11 14 15)
<6>vgaarb: device added: PCI:0000:00:0f.0,decodes=io+mem,owns=io+mem,locks=none
<6>vgaarb: loaded
<6>vgaarb: bridge control possible 0000:00:0f.0
<5>SCSI subsystem initialized
<7>libata version 3.00 loaded.
<6>usbcore: registered new interface driver usbfs
<6>usbcore: registered new interface driver hub
<6>usbcore: registered new device driver usb
<6>PCI: Using ACPI for IRQ routing
<7>PCI: old code would have set cacheline size to 32 bytes, but clflush_size = 64
<7>PCI: pci_cache_line_size set to 64 bytes
<6>NetLabel: Initializing
<6>NetLabel:  domain hash size = 128
<6>NetLabel:  protocols = UNLABELED CIPSOv4
<6>NetLabel:  unlabeled traffic allowed by default
<6>HPET: 16 timers in total, 0 timers will be used for per-cpu timer
<6>hpet0: at MMIO 0xfed00000, IRQs 2, 8, 0, 0, 0, 0, 0, 0, 0, 0, 0, 0, 0, 0, 0, 0
<6>hpet0: 16 comparators, 64-bit 14.318180 MHz counter
<6>Switching to clocksource hpet
<6>pnp: PnP ACPI init
<6>ACPI: bus type pnp registered
<7>pnp 00:00: [io  0x0cf8-0x0cff]
<7>pnp 00:00: Plug and Play ACPI device, IDs PNP0a03 PNP0a08 (active)
<7>pnp 00:01: [io  0x0010-0x001f]
<7>pnp 00:01: [io  0x0024-0x0025]
<7>pnp 00:01: [io  0x0028-0x0029]
<7>pnp 00:01: [io  0x002c-0x002d]
<7>pnp 00:01: [io  0x002e-0x002f]
<7>pnp 00:01: [io  0x0030-0x0031]
<7>pnp 00:01: [io  0x0034-0x0035]
<7>pnp 00:01: [io  0x0038-0x0039]
<7>pnp 00:01: [io  0x003c-0x003d]
<7>pnp 00:01: [io  0x0050-0x0053]
<7>pnp 00:01: [io  0x0072-0x0077]
<7>pnp 00:01: [io  0x0080]
<7>pnp 00:01: [io  0x0090-0x009f]
<7>pnp 00:01: [io  0x00a4-0x00a5]
<7>pnp 00:01: [io  0x00a8-0x00a9]
<7>pnp 00:01: [io  0x00ac-0x00ad]
<7>pnp 00:01: [io  0x00b0-0x00b5]
<7>pnp 00:01: [io  0x00b8-0x00b9]
<7>pnp 00:01: [io  0x00bc-0x00bd]
<7>pnp 00:01: [io  0x1000-0x103f]
<7>pnp 00:01: [io  0x1040-0x104f]
<7>pnp 00:01: [io  0x0cf0-0x0cf1]
<7>pnp 00:01: Plug and Play ACPI device, IDs PNP0c02 (active)
<7>pnp 00:02: [io  0x0000-0x000f]
<7>pnp 00:02: [io  0x0081-0x008f]
<7>pnp 00:02: [io  0x00c0-0x00df]
<7>pnp 00:02: [dma 4]
<7>pnp 00:02: Plug and Play ACPI device, IDs PNP0200 (active)
<7>pnp 00:03: [io  0x0020-0x0021]
<7>pnp 00:03: [io  0x00a0-0x00a1]
<7>pnp 00:03: [io  0x04d0-0x04d1]
<7>pnp 00:03: [irq 2 disabled]
<7>pnp 00:03: Plug and Play ACPI device, IDs PNP0001 (active)
<7>pnp 00:04: [io  0x0070-0x0071]
<7>pnp 00:04: [irq 8]
<7>pnp 00:04: Plug and Play ACPI device, IDs PNP0b00 (active)
<7>pnp 00:05: [io  0x0061]
<7>pnp 00:05: Plug and Play ACPI device, IDs PNP0800 (active)
<7>pnp 00:06: [io  0x0060]
<7>pnp 00:06: [io  0x0064]
<7>pnp 00:06: [irq 1]
<7>pnp 00:06: Plug and Play ACPI device, IDs PNP0303 (active)
<7>pnp 00:07: [irq 12]
<7>pnp 00:07: Plug and Play ACPI device, IDs VMW0003 PNP0f13 (active)
<7>pnp 00:08: [mem 0xfed00000-0xfed003ff]
<7>pnp 00:08: Plug and Play ACPI device, IDs PNP0103 PNP0c01 (active)
<7>pnp 00:09: [io  0x03f8-0x03ff]
<7>pnp 00:09: [irq 4]
<7>pnp 00:09: Plug and Play ACPI device, IDs PNP0501 (active)
<7>pnp 00:0a: [mem 0xf0000000-0xf7ffffff]
<7>pnp 00:0a: [io  0xfce0-0xfcff]
<7>pnp 00:0a: [mem 0xfe800000-0xfe9fffff]
<7>pnp 00:0a: Plug and Play ACPI device, IDs PNP0c02 (active)
<6>pnp: PnP ACPI: found 11 devices
<6>ACPI: ACPI bus type pnp unregistered
<6>system 00:01: [io  0x1000-0x103f] has been reserved
<6>system 00:01: [io  0x1040-0x104f] has been reserved
<6>system 00:01: [io  0x0cf0-0x0cf1] has been reserved
<6>system 00:08: [mem 0xfed00000-0xfed003ff] has been reserved
<6>system 00:0a: [io  0xfce0-0xfcff] has been reserved
<6>system 00:0a: [mem 0xf0000000-0xf7ffffff] has been reserved
<6>system 00:0a: [mem 0xfe800000-0xfe9fffff] has been reserved
<7>pci 0000:00:15.3: bridge window [io  0x1000-0x0fff] to [bus 06-06] add_size 1000
<7>pci 0000:00:15.4: bridge window [io  0x1000-0x0fff] to [bus 07-07] add_size 1000
<7>pci 0000:00:15.5: bridge window [io  0x1000-0x0fff] to [bus 08-08] add_size 1000
<7>pci 0000:00:15.6: bridge window [io  0x1000-0x0fff] to [bus 09-09] add_size 1000
<7>pci 0000:00:15.7: bridge window [io  0x1000-0x0fff] to [bus 0a-0a] add_size 1000
<7>pci 0000:00:16.3: bridge window [io  0x1000-0x0fff] to [bus 0e-0e] add_size 1000
<7>pci 0000:00:16.4: bridge window [io  0x1000-0x0fff] to [bus 0f-0f] add_size 1000
<7>pci 0000:00:16.5: bridge window [io  0x1000-0x0fff] to [bus 10-10] add_size 1000
<7>pci 0000:00:16.6: bridge window [io  0x1000-0x0fff] to [bus 11-11] add_size 1000
<7>pci 0000:00:16.7: bridge window [io  0x1000-0x0fff] to [bus 12-12] add_size 1000
<7>pci 0000:00:17.3: bridge window [io  0x1000-0x0fff] to [bus 16-16] add_size 1000
<7>pci 0000:00:17.4: bridge window [io  0x1000-0x0fff] to [bus 17-17] add_size 1000
<7>pci 0000:00:17.5: bridge window [io  0x1000-0x0fff] to [bus 18-18] add_size 1000
<7>pci 0000:00:17.6: bridge window [io  0x1000-0x0fff] to [bus 19-19] add_size 1000
<7>pci 0000:00:17.7: bridge window [io  0x1000-0x0fff] to [bus 1a-1a] add_size 1000
<7>pci 0000:00:18.2: bridge window [io  0x1000-0x0fff] to [bus 1d-1d] add_size 1000
<7>pci 0000:00:18.3: bridge window [io  0x1000-0x0fff] to [bus 1e-1e] add_size 1000
<7>pci 0000:00:18.4: bridge window [io  0x1000-0x0fff] to [bus 1f-1f] add_size 1000
<7>pci 0000:00:18.5: bridge window [io  0x1000-0x0fff] to [bus 20-20] add_size 1000
<7>pci 0000:00:18.6: bridge window [io  0x1000-0x0fff] to [bus 21-21] add_size 1000
<7>pci 0000:00:18.7: bridge window [io  0x1000-0x0fff] to [bus 22-22] add_size 1000
<7>pci 0000:00:15.3: res[13]=[io  0x1000-0x0fff] get_res_add_size add_size 1000
<7>pci 0000:00:15.4: res[13]=[io  0x1000-0x0fff] get_res_add_size add_size 1000
<7>pci 0000:00:15.5: res[13]=[io  0x1000-0x0fff] get_res_add_size add_size 1000
<7>pci 0000:00:15.6: res[13]=[io  0x1000-0x0fff] get_res_add_size add_size 1000
<7>pci 0000:00:15.7: res[13]=[io  0x1000-0x0fff] get_res_add_size add_size 1000
<7>pci 0000:00:16.3: res[13]=[io  0x1000-0x0fff] get_res_add_size add_size 1000
<7>pci 0000:00:16.4: res[13]=[io  0x1000-0x0fff] get_res_add_size add_size 1000
<7>pci 0000:00:16.5: res[13]=[io  0x1000-0x0fff] get_res_add_size add_size 1000
<7>pci 0000:00:16.6: res[13]=[io  0x1000-0x0fff] get_res_add_size add_size 1000
<7>pci 0000:00:16.7: res[13]=[io  0x1000-0x0fff] get_res_add_size add_size 1000
<7>pci 0000:00:17.3: res[13]=[io  0x1000-0x0fff] get_res_add_size add_size 1000
<7>pci 0000:00:17.4: res[13]=[io  0x1000-0x0fff] get_res_add_size add_size 1000
<7>pci 0000:00:17.5: res[13]=[io  0x1000-0x0fff] get_res_add_size add_size 1000
<7>pci 0000:00:17.6: res[13]=[io  0x1000-0x0fff] get_res_add_size add_size 1000
<7>pci 0000:00:17.7: res[13]=[io  0x1000-0x0fff] get_res_add_size add_size 1000
<7>pci 0000:00:18.2: res[13]=[io  0x1000-0x0fff] get_res_add_size add_size 1000
<7>pci 0000:00:18.3: res[13]=[io  0x1000-0x0fff] get_res_add_size add_size 1000
<7>pci 0000:00:18.4: res[13]=[io  0x1000-0x0fff] get_res_add_size add_size 1000
<7>pci 0000:00:18.5: res[13]=[io  0x1000-0x0fff] get_res_add_size add_size 1000
<7>pci 0000:00:18.6: res[13]=[io  0x1000-0x0fff] get_res_add_size add_size 1000
<7>pci 0000:00:18.7: res[13]=[io  0x1000-0x0fff] get_res_add_size add_size 1000
<6>pci 0000:00:0f.0: BAR 6: assigned [mem 0xc0000000-0xc0007fff pref]
<6>pci 0000:00:10.0: BAR 6: assigned [mem 0xc0008000-0xc000bfff pref]
<6>pci 0000:00:15.3: BAR 13: can't assign io (size 0x1000)
<6>pci 0000:00:15.4: BAR 13: can't assign io (size 0x1000)
<6>pci 0000:00:15.5: BAR 13: can't assign io (size 0x1000)
<6>pci 0000:00:15.6: BAR 13: can't assign io (size 0x1000)
<6>pci 0000:00:15.7: BAR 13: can't assign io (size 0x1000)
<6>pci 0000:00:16.3: BAR 13: can't assign io (size 0x1000)
<6>pci 0000:00:16.4: BAR 13: can't assign io (size 0x1000)
<6>pci 0000:00:16.5: BAR 13: can't assign io (size 0x1000)
<6>pci 0000:00:16.6: BAR 13: can't assign io (size 0x1000)
<6>pci 0000:00:16.7: BAR 13: can't assign io (size 0x1000)
<6>pci 0000:00:17.3: BAR 13: can't assign io (size 0x1000)
<6>pci 0000:00:17.4: BAR 13: can't assign io (size 0x1000)
<6>pci 0000:00:17.5: BAR 13: can't assign io (size 0x1000)
<6>pci 0000:00:17.6: BAR 13: can't assign io (size 0x1000)
<6>pci 0000:00:17.7: BAR 13: can't assign io (size 0x1000)
<6>pci 0000:00:18.2: BAR 13: can't assign io (size 0x1000)
<6>pci 0000:00:18.3: BAR 13: can't assign io (size 0x1000)
<6>pci 0000:00:18.4: BAR 13: can't assign io (size 0x1000)
<6>pci 0000:00:18.5: BAR 13: can't assign io (size 0x1000)
<6>pci 0000:00:18.6: BAR 13: can't assign io (size 0x1000)
<6>pci 0000:00:18.7: BAR 13: can't assign io (size 0x1000)
<6>pci 0000:00:01.0: PCI bridge to [bus 01-01]
<6>pci 0000:02:01.0: BAR 6: assigned [mem 0xe7b00000-0xe7b0ffff pref]
<6>pci 0000:02:05.0: BAR 6: assigned [mem 0xe7b10000-0xe7b1ffff pref]
<6>pci 0000:02:06.0: BAR 6: assigned [mem 0xe7b20000-0xe7b2ffff pref]
<6>pci 0000:00:11.0: PCI bridge to [bus 02-02]
<6>pci 0000:00:11.0:   bridge window [io  0x2000-0x3fff]
<6>pci 0000:00:11.0:   bridge window [mem 0xfd500000-0xfdffffff]
<6>pci 0000:00:11.0:   bridge window [mem 0xe7b00000-0xe7ffffff 64bit pref]
<6>pci 0000:00:15.0: PCI bridge to [bus 03-03]
<6>pci 0000:00:15.0:   bridge window [io  0x4000-0x4fff]
<6>pci 0000:00:15.0:   bridge window [mem 0xfd400000-0xfd4fffff]
<6>pci 0000:00:15.0:   bridge window [mem 0xe7a00000-0xe7afffff 64bit pref]
<6>pci 0000:00:15.1: PCI bridge to [bus 04-04]
<6>pci 0000:00:15.1:   bridge window [io  0x8000-0x8fff]
<6>pci 0000:00:15.1:   bridge window [mem 0xfd000000-0xfd0fffff]
<6>pci 0000:00:15.1:   bridge window [mem 0xe7600000-0xe76fffff 64bit pref]
<6>pci 0000:00:15.2: PCI bridge to [bus 05-05]
<6>pci 0000:00:15.2:   bridge window [io  0xc000-0xcfff]
<6>pci 0000:00:15.2:   bridge window [mem 0xfcc00000-0xfccfffff]
<6>pci 0000:00:15.2:   bridge window [mem 0xe7200000-0xe72fffff 64bit pref]
<6>pci 0000:00:15.3: PCI bridge to [bus 06-06]
<6>pci 0000:00:15.3:   bridge window [mem 0xfc800000-0xfc8fffff]
<6>pci 0000:00:15.3:   bridge window [mem 0xe6e00000-0xe6efffff 64bit pref]
<6>pci 0000:00:15.4: PCI bridge to [bus 07-07]
<6>pci 0000:00:15.4:   bridge window [mem 0xfc400000-0xfc4fffff]
<6>pci 0000:00:15.4:   bridge window [mem 0xe6a00000-0xe6afffff 64bit pref]
<6>pci 0000:00:15.5: PCI bridge to [bus 08-08]
<6>pci 0000:00:15.5:   bridge window [mem 0xfc000000-0xfc0fffff]
<6>pci 0000:00:15.5:   bridge window [mem 0xe6600000-0xe66fffff 64bit pref]
<6>pci 0000:00:15.6: PCI bridge to [bus 09-09]
<6>pci 0000:00:15.6:   bridge window [mem 0xfbc00000-0xfbcfffff]
<6>pci 0000:00:15.6:   bridge window [mem 0xe6200000-0xe62fffff 64bit pref]
<6>pci 0000:00:15.7: PCI bridge to [bus 0a-0a]
<6>pci 0000:00:15.7:   bridge window [mem 0xfb800000-0xfb8fffff]
<6>pci 0000:00:15.7:   bridge window [mem 0xe5e00000-0xe5efffff 64bit pref]
<6>pci 0000:00:16.0: PCI bridge to [bus 0b-0b]
<6>pci 0000:00:16.0:   bridge window [io  0x5000-0x5fff]
<6>pci 0000:00:16.0:   bridge window [mem 0xfd300000-0xfd3fffff]
<6>pci 0000:00:16.0:   bridge window [mem 0xe7900000-0xe79fffff 64bit pref]
<6>pci 0000:00:16.1: PCI bridge to [bus 0c-0c]
<6>pci 0000:00:16.1:   bridge window [io  0x9000-0x9fff]
<6>pci 0000:00:16.1:   bridge window [mem 0xfcf00000-0xfcffffff]
<6>pci 0000:00:16.1:   bridge window [mem 0xe7500000-0xe75fffff 64bit pref]
<6>pci 0000:00:16.2: PCI bridge to [bus 0d-0d]
<6>pci 0000:00:16.2:   bridge window [io  0xd000-0xdfff]
<6>pci 0000:00:16.2:   bridge window [mem 0xfcb00000-0xfcbfffff]
<6>pci 0000:00:16.2:   bridge window [mem 0xe7100000-0xe71fffff 64bit pref]
<6>pci 0000:00:16.3: PCI bridge to [bus 0e-0e]
<6>pci 0000:00:16.3:   bridge window [mem 0xfc700000-0xfc7fffff]
<6>pci 0000:00:16.3:   bridge window [mem 0xe6d00000-0xe6dfffff 64bit pref]
<6>pci 0000:00:16.4: PCI bridge to [bus 0f-0f]
<6>pci 0000:00:16.4:   bridge window [mem 0xfc300000-0xfc3fffff]
<6>pci 0000:00:16.4:   bridge window [mem 0xe6900000-0xe69fffff 64bit pref]
<6>pci 0000:00:16.5: PCI bridge to [bus 10-10]
<6>pci 0000:00:16.5:   bridge window [mem 0xfbf00000-0xfbffffff]
<6>pci 0000:00:16.5:   bridge window [mem 0xe6500000-0xe65fffff 64bit pref]
<6>pci 0000:00:16.6: PCI bridge to [bus 11-11]
<6>pci 0000:00:16.6:   bridge window [mem 0xfbb00000-0xfbbfffff]
<6>pci 0000:00:16.6:   bridge window [mem 0xe6100000-0xe61fffff 64bit pref]
<6>pci 0000:00:16.7: PCI bridge to [bus 12-12]
<6>pci 0000:00:16.7:   bridge window [mem 0xfb700000-0xfb7fffff]
<6>pci 0000:00:16.7:   bridge window [mem 0xe5d00000-0xe5dfffff 64bit pref]
<6>pci 0000:00:17.0: PCI bridge to [bus 13-13]
<6>pci 0000:00:17.0:   bridge window [io  0x6000-0x6fff]
<6>pci 0000:00:17.0:   bridge window [mem 0xfd200000-0xfd2fffff]
<6>pci 0000:00:17.0:   bridge window [mem 0xe7800000-0xe78fffff 64bit pref]
<6>pci 0000:00:17.1: PCI bridge to [bus 14-14]
<6>pci 0000:00:17.1:   bridge window [io  0xa000-0xafff]
<6>pci 0000:00:17.1:   bridge window [mem 0xfce00000-0xfcefffff]
<6>pci 0000:00:17.1:   bridge window [mem 0xe7400000-0xe74fffff 64bit pref]
<6>pci 0000:00:17.2: PCI bridge to [bus 15-15]
<6>pci 0000:00:17.2:   bridge window [io  0xe000-0xefff]
<6>pci 0000:00:17.2:   bridge window [mem 0xfca00000-0xfcafffff]
<6>pci 0000:00:17.2:   bridge window [mem 0xe7000000-0xe70fffff 64bit pref]
<6>pci 0000:00:17.3: PCI bridge to [bus 16-16]
<6>pci 0000:00:17.3:   bridge window [mem 0xfc600000-0xfc6fffff]
<6>pci 0000:00:17.3:   bridge window [mem 0xe6c00000-0xe6cfffff 64bit pref]
<6>pci 0000:00:17.4: PCI bridge to [bus 17-17]
<6>pci 0000:00:17.4:   bridge window [mem 0xfc200000-0xfc2fffff]
<6>pci 0000:00:17.4:   bridge window [mem 0xe6800000-0xe68fffff 64bit pref]
<6>pci 0000:00:17.5: PCI bridge to [bus 18-18]
<6>pci 0000:00:17.5:   bridge window [mem 0xfbe00000-0xfbefffff]
<6>pci 0000:00:17.5:   bridge window [mem 0xe6400000-0xe64fffff 64bit pref]
<6>pci 0000:00:17.6: PCI bridge to [bus 19-19]
<6>pci 0000:00:17.6:   bridge window [mem 0xfba00000-0xfbafffff]
<6>pci 0000:00:17.6:   bridge window [mem 0xe6000000-0xe60fffff 64bit pref]
<6>pci 0000:00:17.7: PCI bridge to [bus 1a-1a]
<6>pci 0000:00:17.7:   bridge window [mem 0xfb600000-0xfb6fffff]
<6>pci 0000:00:17.7:   bridge window [mem 0xe5c00000-0xe5cfffff 64bit pref]
<6>pci 0000:00:18.0: PCI bridge to [bus 1b-1b]
<6>pci 0000:00:18.0:   bridge window [io  0x7000-0x7fff]
<6>pci 0000:00:18.0:   bridge window [mem 0xfd100000-0xfd1fffff]
<6>pci 0000:00:18.0:   bridge window [mem 0xe7700000-0xe77fffff 64bit pref]
<6>pci 0000:00:18.1: PCI bridge to [bus 1c-1c]
<6>pci 0000:00:18.1:   bridge window [io  0xb000-0xbfff]
<6>pci 0000:00:18.1:   bridge window [mem 0xfcd00000-0xfcdfffff]
<6>pci 0000:00:18.1:   bridge window [mem 0xe7300000-0xe73fffff 64bit pref]
<6>pci 0000:00:18.2: PCI bridge to [bus 1d-1d]
<6>pci 0000:00:18.2:   bridge window [mem 0xfc900000-0xfc9fffff]
<6>pci 0000:00:18.2:   bridge window [mem 0xe6f00000-0xe6ffffff 64bit pref]
<6>pci 0000:00:18.3: PCI bridge to [bus 1e-1e]
<6>pci 0000:00:18.3:   bridge window [mem 0xfc500000-0xfc5fffff]
<6>pci 0000:00:18.3:   bridge window [mem 0xe6b00000-0xe6bfffff 64bit pref]
<6>pci 0000:00:18.4: PCI bridge to [bus 1f-1f]
<6>pci 0000:00:18.4:   bridge window [mem 0xfc100000-0xfc1fffff]
<6>pci 0000:00:18.4:   bridge window [mem 0xe6700000-0xe67fffff 64bit pref]
<6>pci 0000:00:18.5: PCI bridge to [bus 20-20]
<6>pci 0000:00:18.5:   bridge window [mem 0xfbd00000-0xfbdfffff]
<6>pci 0000:00:18.5:   bridge window [mem 0xe6300000-0xe63fffff 64bit pref]
<6>pci 0000:00:18.6: PCI bridge to [bus 21-21]
<6>pci 0000:00:18.6:   bridge window [mem 0xfb900000-0xfb9fffff]
<6>pci 0000:00:18.6:   bridge window [mem 0xe5f00000-0xe5ffffff 64bit pref]
<6>pci 0000:00:18.7: PCI bridge to [bus 22-22]
<6>pci 0000:00:18.7:   bridge window [mem 0xfb500000-0xfb5fffff]
<6>pci 0000:00:18.7:   bridge window [mem 0xe5b00000-0xe5bfffff 64bit pref]
<7>pci 0000:00:01.0: setting latency timer to 64
<7>pci 0000:00:15.0: setting latency timer to 64
<7>pci 0000:00:15.1: setting latency timer to 64
<7>pci 0000:00:15.2: setting latency timer to 64
<7>pci 0000:00:15.3: setting latency timer to 64
<7>pci 0000:00:15.4: setting latency timer to 64
<7>pci 0000:00:15.5: setting latency timer to 64
<7>pci 0000:00:15.6: setting latency timer to 64
<7>pci 0000:00:15.7: setting latency timer to 64
<7>pci 0000:00:16.0: setting latency timer to 64
<7>pci 0000:00:16.1: setting latency timer to 64
<7>pci 0000:00:16.2: setting latency timer to 64
<7>pci 0000:00:16.3: setting latency timer to 64
<7>pci 0000:00:16.4: setting latency timer to 64
<7>pci 0000:00:16.5: setting latency timer to 64
<7>pci 0000:00:16.6: setting latency timer to 64
<7>pci 0000:00:16.7: setting latency timer to 64
<7>pci 0000:00:17.0: setting latency timer to 64
<7>pci 0000:00:17.1: setting latency timer to 64
<7>pci 0000:00:17.2: setting latency timer to 64
<7>pci 0000:00:17.3: setting latency timer to 64
<7>pci 0000:00:17.4: setting latency timer to 64
<7>pci 0000:00:17.5: setting latency timer to 64
<7>pci 0000:00:17.6: setting latency timer to 64
<7>pci 0000:00:17.7: setting latency timer to 64
<7>pci 0000:00:18.0: setting latency timer to 64
<7>pci 0000:00:18.1: setting latency timer to 64
<7>pci 0000:00:18.2: setting latency timer to 64
<7>pci 0000:00:18.3: setting latency timer to 64
<7>pci 0000:00:18.4: setting latency timer to 64
<7>pci 0000:00:18.5: setting latency timer to 64
<7>pci 0000:00:18.6: setting latency timer to 64
<7>pci 0000:00:18.7: setting latency timer to 64
<7>pci_bus 0000:00: resource 4 [mem 0x000a0000-0x000bffff]
<7>pci_bus 0000:00: resource 5 [mem 0x000d0000-0x000d3fff]
<7>pci_bus 0000:00: resource 6 [mem 0x000d4000-0x000d7fff]
<7>pci_bus 0000:00: resource 7 [mem 0x000d8000-0x000dbfff]
<7>pci_bus 0000:00: resource 8 [mem 0xc0000000-0xfebfffff]
<7>pci_bus 0000:00: resource 9 [io  0x0000-0x0cf7]
<7>pci_bus 0000:00: resource 10 [io  0x0d00-0xfeff]
<7>pci_bus 0000:02: resource 0 [io  0x2000-0x3fff]
<7>pci_bus 0000:02: resource 1 [mem 0xfd500000-0xfdffffff]
<7>pci_bus 0000:02: resource 2 [mem 0xe7b00000-0xe7ffffff 64bit pref]
<7>pci_bus 0000:02: resource 4 [mem 0x000a0000-0x000bffff]
<7>pci_bus 0000:02: resource 5 [mem 0x000d0000-0x000d3fff]
<7>pci_bus 0000:02: resource 6 [mem 0x000d4000-0x000d7fff]
<7>pci_bus 0000:02: resource 7 [mem 0x000d8000-0x000dbfff]
<7>pci_bus 0000:02: resource 8 [mem 0xc0000000-0xfebfffff]
<7>pci_bus 0000:02: resource 9 [io  0x0000-0x0cf7]
<7>pci_bus 0000:02: resource 10 [io  0x0d00-0xfeff]
<7>pci_bus 0000:03: resource 0 [io  0x4000-0x4fff]
<7>pci_bus 0000:03: resource 1 [mem 0xfd400000-0xfd4fffff]
<7>pci_bus 0000:03: resource 2 [mem 0xe7a00000-0xe7afffff 64bit pref]
<7>pci_bus 0000:04: resource 0 [io  0x8000-0x8fff]
<7>pci_bus 0000:04: resource 1 [mem 0xfd000000-0xfd0fffff]
<7>pci_bus 0000:04: resource 2 [mem 0xe7600000-0xe76fffff 64bit pref]
<7>pci_bus 0000:05: resource 0 [io  0xc000-0xcfff]
<7>pci_bus 0000:05: resource 1 [mem 0xfcc00000-0xfccfffff]
<7>pci_bus 0000:05: resource 2 [mem 0xe7200000-0xe72fffff 64bit pref]
<7>pci_bus 0000:06: resource 1 [mem 0xfc800000-0xfc8fffff]
<7>pci_bus 0000:06: resource 2 [mem 0xe6e00000-0xe6efffff 64bit pref]
<7>pci_bus 0000:07: resource 1 [mem 0xfc400000-0xfc4fffff]
<7>pci_bus 0000:07: resource 2 [mem 0xe6a00000-0xe6afffff 64bit pref]
<7>pci_bus 0000:08: resource 1 [mem 0xfc000000-0xfc0fffff]
<7>pci_bus 0000:08: resource 2 [mem 0xe6600000-0xe66fffff 64bit pref]
<7>pci_bus 0000:09: resource 1 [mem 0xfbc00000-0xfbcfffff]
<7>pci_bus 0000:09: resource 2 [mem 0xe6200000-0xe62fffff 64bit pref]
<7>pci_bus 0000:0a: resource 1 [mem 0xfb800000-0xfb8fffff]
<7>pci_bus 0000:0a: resource 2 [mem 0xe5e00000-0xe5efffff 64bit pref]
<7>pci_bus 0000:0b: resource 0 [io  0x5000-0x5fff]
<7>pci_bus 0000:0b: resource 1 [mem 0xfd300000-0xfd3fffff]
<7>pci_bus 0000:0b: resource 2 [mem 0xe7900000-0xe79fffff 64bit pref]
<7>pci_bus 0000:0c: resource 0 [io  0x9000-0x9fff]
<7>pci_bus 0000:0c: resource 1 [mem 0xfcf00000-0xfcffffff]
<7>pci_bus 0000:0c: resource 2 [mem 0xe7500000-0xe75fffff 64bit pref]
<7>pci_bus 0000:0d: resource 0 [io  0xd000-0xdfff]
<7>pci_bus 0000:0d: resource 1 [mem 0xfcb00000-0xfcbfffff]
<7>pci_bus 0000:0d: resource 2 [mem 0xe7100000-0xe71fffff 64bit pref]
<7>pci_bus 0000:0e: resource 1 [mem 0xfc700000-0xfc7fffff]
<7>pci_bus 0000:0e: resource 2 [mem 0xe6d00000-0xe6dfffff 64bit pref]
<7>pci_bus 0000:0f: resource 1 [mem 0xfc300000-0xfc3fffff]
<7>pci_bus 0000:0f: resource 2 [mem 0xe6900000-0xe69fffff 64bit pref]
<7>pci_bus 0000:10: resource 1 [mem 0xfbf00000-0xfbffffff]
<7>pci_bus 0000:10: resource 2 [mem 0xe6500000-0xe65fffff 64bit pref]
<7>pci_bus 0000:11: resource 1 [mem 0xfbb00000-0xfbbfffff]
<7>pci_bus 0000:11: resource 2 [mem 0xe6100000-0xe61fffff 64bit pref]
<7>pci_bus 0000:12: resource 1 [mem 0xfb700000-0xfb7fffff]
<7>pci_bus 0000:12: resource 2 [mem 0xe5d00000-0xe5dfffff 64bit pref]
<7>pci_bus 0000:13: resource 0 [io  0x6000-0x6fff]
<7>pci_bus 0000:13: resource 1 [mem 0xfd200000-0xfd2fffff]
<7>pci_bus 0000:13: resource 2 [mem 0xe7800000-0xe78fffff 64bit pref]
<7>pci_bus 0000:14: resource 0 [io  0xa000-0xafff]
<7>pci_bus 0000:14: resource 1 [mem 0xfce00000-0xfcefffff]
<7>pci_bus 0000:14: resource 2 [mem 0xe7400000-0xe74fffff 64bit pref]
<7>pci_bus 0000:15: resource 0 [io  0xe000-0xefff]
<7>pci_bus 0000:15: resource 1 [mem 0xfca00000-0xfcafffff]
<7>pci_bus 0000:15: resource 2 [mem 0xe7000000-0xe70fffff 64bit pref]
<7>pci_bus 0000:16: resource 1 [mem 0xfc600000-0xfc6fffff]
<7>pci_bus 0000:16: resource 2 [mem 0xe6c00000-0xe6cfffff 64bit pref]
<7>pci_bus 0000:17: resource 1 [mem 0xfc200000-0xfc2fffff]
<7>pci_bus 0000:17: resource 2 [mem 0xe6800000-0xe68fffff 64bit pref]
<7>pci_bus 0000:18: resource 1 [mem 0xfbe00000-0xfbefffff]
<7>pci_bus 0000:18: resource 2 [mem 0xe6400000-0xe64fffff 64bit pref]
<7>pci_bus 0000:19: resource 1 [mem 0xfba00000-0xfbafffff]
<7>pci_bus 0000:19: resource 2 [mem 0xe6000000-0xe60fffff 64bit pref]
<7>pci_bus 0000:1a: resource 1 [mem 0xfb600000-0xfb6fffff]
<7>pci_bus 0000:1a: resource 2 [mem 0xe5c00000-0xe5cfffff 64bit pref]
<7>pci_bus 0000:1b: resource 0 [io  0x7000-0x7fff]
<7>pci_bus 0000:1b: resource 1 [mem 0xfd100000-0xfd1fffff]
<7>pci_bus 0000:1b: resource 2 [mem 0xe7700000-0xe77fffff 64bit pref]
<7>pci_bus 0000:1c: resource 0 [io  0xb000-0xbfff]
<7>pci_bus 0000:1c: resource 1 [mem 0xfcd00000-0xfcdfffff]
<7>pci_bus 0000:1c: resource 2 [mem 0xe7300000-0xe73fffff 64bit pref]
<7>pci_bus 0000:1d: resource 1 [mem 0xfc900000-0xfc9fffff]
<7>pci_bus 0000:1d: resource 2 [mem 0xe6f00000-0xe6ffffff 64bit pref]
<7>pci_bus 0000:1e: resource 1 [mem 0xfc500000-0xfc5fffff]
<7>pci_bus 0000:1e: resource 2 [mem 0xe6b00000-0xe6bfffff 64bit pref]
<7>pci_bus 0000:1f: resource 1 [mem 0xfc100000-0xfc1fffff]
<7>pci_bus 0000:1f: resource 2 [mem 0xe6700000-0xe67fffff 64bit pref]
<7>pci_bus 0000:20: resource 1 [mem 0xfbd00000-0xfbdfffff]
<7>pci_bus 0000:20: resource 2 [mem 0xe6300000-0xe63fffff 64bit pref]
<7>pci_bus 0000:21: resource 1 [mem 0xfb900000-0xfb9fffff]
<7>pci_bus 0000:21: resource 2 [mem 0xe5f00000-0xe5ffffff 64bit pref]
<7>pci_bus 0000:22: resource 1 [mem 0xfb500000-0xfb5fffff]
<7>pci_bus 0000:22: resource 2 [mem 0xe5b00000-0xe5bfffff 64bit pref]
<6>NET: Registered protocol family 2
<6>IP route cache hash table entries: 32768 (order: 6, 262144 bytes)
<6>TCP established hash table entries: 131072 (order: 9, 2097152 bytes)
<6>TCP bind hash table entries: 65536 (order: 8, 1048576 bytes)
<6>TCP: Hash tables configured (established 131072 bind 65536)
<6>TCP reno registered
<6>NET: Registered protocol family 1
<6>pci 0000:00:00.0: Limiting direct PCI/PCI transfers
<7>pci 0000:00:0f.0: Boot video device
<7>  alloc irq_desc for 18 on node -1
<7>  alloc kstat_irqs on node -1
<6>pci 0000:02:00.0: PCI INT A -> GSI 18 (level, low) -> IRQ 18
<6>pci 0000:02:00.0: PCI INT A disabled
<7>  alloc irq_desc for 17 on node -1
<7>  alloc kstat_irqs on node -1
<6>pci 0000:02:03.0: PCI INT A -> GSI 17 (level, low) -> IRQ 17
<6>pci 0000:02:03.0: PCI INT A disabled
<6>Trying to unpack rootfs image as initramfs...
<6>Freeing initrd memory: 19003k freed
<6>Simple Boot Flag at 0x36 set to 0x80
<6>futex hash table entries: 32768 (order: 9, 2097152 bytes)
<6>audit: initializing netlink socket (disabled)
<5>type=2000 audit(1534954323.394:1): initialized
<6>HugeTLB registered 2 MB page size, pre-allocated 0 pages
<5>VFS: Disk quotas dquot_6.5.2
<4>Dquot-cache hash table entries: 512 (order 0, 4096 bytes)
<6>msgmni has been set to 1698
<7>SELinux:  Registering netfilter hooks
<6>alg: No test for stdrng (krng)
<4>ksign: Installing public key data
<4>Loading keyring
<4>- Added public key 26DA0274AC913FEF
<4>- User ID: Red Hat, Inc. (Kernel Module GPG key)
<4>- Added public key D4A26C9CCD09BEDA
<4>- User ID: Red Hat Enterprise Linux Driver Update Program <secalert@redhat.com>
<4>- Added public key CB445E0DA3EA1F65
<4>- User ID: Red Hat Enterprise Linux Driver Update Program (key 4) <secalert@redhat.com>
<6>Block layer SCSI generic (bsg) driver version 0.4 loaded (major 251)
<6>io scheduler noop registered
<6>io scheduler anticipatory registered
<6>io scheduler deadline registered
<6>io scheduler cfq registered (default)
<7>pcieport 0000:00:15.0: setting latency timer to 64
<7>  alloc irq_desc for 24 on node -1
<7>  alloc kstat_irqs on node -1
<7>pcieport 0000:00:15.0: irq 24 for MSI/MSI-X
<7>pcieport 0000:00:15.1: setting latency timer to 64
<7>  alloc irq_desc for 25 on node -1
<7>  alloc kstat_irqs on node -1
<7>pcieport 0000:00:15.1: irq 25 for MSI/MSI-X
<7>pcieport 0000:00:15.2: setting latency timer to 64
<7>  alloc irq_desc for 26 on node -1
<7>  alloc kstat_irqs on node -1
<7>pcieport 0000:00:15.2: irq 26 for MSI/MSI-X
<7>pcieport 0000:00:15.3: setting latency timer to 64
<7>  alloc irq_desc for 27 on node -1
<7>  alloc kstat_irqs on node -1
<7>pcieport 0000:00:15.3: irq 27 for MSI/MSI-X
<7>pcieport 0000:00:15.4: setting latency timer to 64
<7>  alloc irq_desc for 28 on node -1
<7>  alloc kstat_irqs on node -1
<7>pcieport 0000:00:15.4: irq 28 for MSI/MSI-X
<7>pcieport 0000:00:15.5: setting latency timer to 64
<7>  alloc irq_desc for 29 on node -1
<7>  alloc kstat_irqs on node -1
<7>pcieport 0000:00:15.5: irq 29 for MSI/MSI-X
<7>pcieport 0000:00:15.6: setting latency timer to 64
<7>  alloc irq_desc for 30 on node -1
<7>  alloc kstat_irqs on node -1
<7>pcieport 0000:00:15.6: irq 30 for MSI/MSI-X
<7>pcieport 0000:00:15.7: setting latency timer to 64
<7>  alloc irq_desc for 31 on node -1
<7>  alloc kstat_irqs on node -1
<7>pcieport 0000:00:15.7: irq 31 for MSI/MSI-X
<7>pcieport 0000:00:16.0: setting latency timer to 64
<7>  alloc irq_desc for 32 on node -1
<7>  alloc kstat_irqs on node -1
<7>pcieport 0000:00:16.0: irq 32 for MSI/MSI-X
<7>pcieport 0000:00:16.1: setting latency timer to 64
<7>  alloc irq_desc for 33 on node -1
<7>  alloc kstat_irqs on node -1
<7>pcieport 0000:00:16.1: irq 33 for MSI/MSI-X
<7>pcieport 0000:00:16.2: setting latency timer to 64
<7>  alloc irq_desc for 34 on node -1
<7>  alloc kstat_irqs on node -1
<7>pcieport 0000:00:16.2: irq 34 for MSI/MSI-X
<7>pcieport 0000:00:16.3: setting latency timer to 64
<7>  alloc irq_desc for 35 on node -1
<7>  alloc kstat_irqs on node -1
<7>pcieport 0000:00:16.3: irq 35 for MSI/MSI-X
<7>pcieport 0000:00:16.4: setting latency timer to 64
<7>  alloc irq_desc for 36 on node -1
<7>  alloc kstat_irqs on node -1
<7>pcieport 0000:00:16.4: irq 36 for MSI/MSI-X
<7>pcieport 0000:00:16.5: setting latency timer to 64
<7>  alloc irq_desc for 37 on node -1
<7>  alloc kstat_irqs on node -1
<7>pcieport 0000:00:16.5: irq 37 for MSI/MSI-X
<7>pcieport 0000:00:16.6: setting latency timer to 64
<7>  alloc irq_desc for 38 on node -1
<7>  alloc kstat_irqs on node -1
<7>pcieport 0000:00:16.6: irq 38 for MSI/MSI-X
<7>pcieport 0000:00:16.7: setting latency timer to 64
<7>  alloc irq_desc for 39 on node -1
<7>  alloc kstat_irqs on node -1
<7>pcieport 0000:00:16.7: irq 39 for MSI/MSI-X
<7>pcieport 0000:00:17.0: setting latency timer to 64
<7>  alloc irq_desc for 40 on node -1
<7>  alloc kstat_irqs on node -1
<7>pcieport 0000:00:17.0: irq 40 for MSI/MSI-X
<7>pcieport 0000:00:17.1: setting latency timer to 64
<7>  alloc irq_desc for 41 on node -1
<7>  alloc kstat_irqs on node -1
<7>pcieport 0000:00:17.1: irq 41 for MSI/MSI-X
<7>pcieport 0000:00:17.2: setting latency timer to 64
<7>  alloc irq_desc for 42 on node -1
<7>  alloc kstat_irqs on node -1
<7>pcieport 0000:00:17.2: irq 42 for MSI/MSI-X
<7>pcieport 0000:00:17.3: setting latency timer to 64
<7>  alloc irq_desc for 43 on node -1
<7>  alloc kstat_irqs on node -1
<7>pcieport 0000:00:17.3: irq 43 for MSI/MSI-X
<7>pcieport 0000:00:17.4: setting latency timer to 64
<7>  alloc irq_desc for 44 on node -1
<7>  alloc kstat_irqs on node -1
<7>pcieport 0000:00:17.4: irq 44 for MSI/MSI-X
<7>pcieport 0000:00:17.5: setting latency timer to 64
<7>  alloc irq_desc for 45 on node -1
<7>  alloc kstat_irqs on node -1
<7>pcieport 0000:00:17.5: irq 45 for MSI/MSI-X
<7>pcieport 0000:00:17.6: setting latency timer to 64
<7>  alloc irq_desc for 46 on node -1
<7>  alloc kstat_irqs on node -1
<7>pcieport 0000:00:17.6: irq 46 for MSI/MSI-X
<7>pcieport 0000:00:17.7: setting latency timer to 64
<7>  alloc irq_desc for 47 on node -1
<7>  alloc kstat_irqs on node -1
<7>pcieport 0000:00:17.7: irq 47 for MSI/MSI-X
<7>pcieport 0000:00:18.0: setting latency timer to 64
<7>  alloc irq_desc for 48 on node -1
<7>  alloc kstat_irqs on node -1
<7>pcieport 0000:00:18.0: irq 48 for MSI/MSI-X
<7>pcieport 0000:00:18.1: setting latency timer to 64
<7>  alloc irq_desc for 49 on node -1
<7>  alloc kstat_irqs on node -1
<7>pcieport 0000:00:18.1: irq 49 for MSI/MSI-X
<7>pcieport 0000:00:18.2: setting latency timer to 64
<7>  alloc irq_desc for 50 on node -1
<7>  alloc kstat_irqs on node -1
<7>pcieport 0000:00:18.2: irq 50 for MSI/MSI-X
<7>pcieport 0000:00:18.3: setting latency timer to 64
<7>  alloc irq_desc for 51 on node -1
<7>  alloc kstat_irqs on node -1
<7>pcieport 0000:00:18.3: irq 51 for MSI/MSI-X
<7>pcieport 0000:00:18.4: setting latency timer to 64
<7>  alloc irq_desc for 52 on node -1
<7>  alloc kstat_irqs on node -1
<7>pcieport 0000:00:18.4: irq 52 for MSI/MSI-X
<7>pcieport 0000:00:18.5: setting latency timer to 64
<7>  alloc irq_desc for 53 on node -1
<7>  alloc kstat_irqs on node -1
<7>pcieport 0000:00:18.5: irq 53 for MSI/MSI-X
<7>pcieport 0000:00:18.6: setting latency timer to 64
<7>  alloc irq_desc for 54 on node -1
<7>  alloc kstat_irqs on node -1
<7>pcieport 0000:00:18.6: irq 54 for MSI/MSI-X
<7>pcieport 0000:00:18.7: setting latency timer to 64
<7>  alloc irq_desc for 55 on node -1
<7>  alloc kstat_irqs on node -1
<7>pcieport 0000:00:18.7: irq 55 for MSI/MSI-X
<6>pci_hotplug: PCI Hot Plug PCI Core version: 0.5
<6>pciehp 0000:00:15.0:pcie04: HPC vendor_id 15ad device_id 7a0 ss_vid 0 ss_did 0
<7>pciehp 0000:00:15.0:pcie04: service driver pciehp loaded
<6>pciehp 0000:00:15.1:pcie04: HPC vendor_id 15ad device_id 7a0 ss_vid 0 ss_did 0
<7>pciehp 0000:00:15.1:pcie04: service driver pciehp loaded
<6>pciehp 0000:00:15.2:pcie04: HPC vendor_id 15ad device_id 7a0 ss_vid 0 ss_did 0
<7>pciehp 0000:00:15.2:pcie04: service driver pciehp loaded
<6>pciehp 0000:00:15.3:pcie04: HPC vendor_id 15ad device_id 7a0 ss_vid 0 ss_did 0
<7>pciehp 0000:00:15.3:pcie04: service driver pciehp loaded
<6>pciehp 0000:00:15.4:pcie04: HPC vendor_id 15ad device_id 7a0 ss_vid 0 ss_did 0
<7>pciehp 0000:00:15.4:pcie04: service driver pciehp loaded
<6>pciehp 0000:00:15.5:pcie04: HPC vendor_id 15ad device_id 7a0 ss_vid 0 ss_did 0
<7>pciehp 0000:00:15.5:pcie04: service driver pciehp loaded
<6>pciehp 0000:00:15.6:pcie04: HPC vendor_id 15ad device_id 7a0 ss_vid 0 ss_did 0
<7>pciehp 0000:00:15.6:pcie04: service driver pciehp loaded
<6>pciehp 0000:00:15.7:pcie04: HPC vendor_id 15ad device_id 7a0 ss_vid 0 ss_did 0
<7>pciehp 0000:00:15.7:pcie04: service driver pciehp loaded
<6>pciehp 0000:00:16.0:pcie04: HPC vendor_id 15ad device_id 7a0 ss_vid 0 ss_did 0
<7>pciehp 0000:00:16.0:pcie04: service driver pciehp loaded
<6>pciehp 0000:00:16.1:pcie04: HPC vendor_id 15ad device_id 7a0 ss_vid 0 ss_did 0
<7>pciehp 0000:00:16.1:pcie04: service driver pciehp loaded
<6>pciehp 0000:00:16.2:pcie04: HPC vendor_id 15ad device_id 7a0 ss_vid 0 ss_did 0
<7>pciehp 0000:00:16.2:pcie04: service driver pciehp loaded
<6>pciehp 0000:00:16.3:pcie04: HPC vendor_id 15ad device_id 7a0 ss_vid 0 ss_did 0
<7>pciehp 0000:00:16.3:pcie04: service driver pciehp loaded
<6>pciehp 0000:00:16.4:pcie04: HPC vendor_id 15ad device_id 7a0 ss_vid 0 ss_did 0
<7>pciehp 0000:00:16.4:pcie04: service driver pciehp loaded
<6>pciehp 0000:00:16.5:pcie04: HPC vendor_id 15ad device_id 7a0 ss_vid 0 ss_did 0
<7>pciehp 0000:00:16.5:pcie04: service driver pciehp loaded
<6>pciehp 0000:00:16.6:pcie04: HPC vendor_id 15ad device_id 7a0 ss_vid 0 ss_did 0
<7>pciehp 0000:00:16.6:pcie04: service driver pciehp loaded
<6>pciehp 0000:00:16.7:pcie04: HPC vendor_id 15ad device_id 7a0 ss_vid 0 ss_did 0
<7>pciehp 0000:00:16.7:pcie04: service driver pciehp loaded
<6>pciehp 0000:00:17.0:pcie04: HPC vendor_id 15ad device_id 7a0 ss_vid 0 ss_did 0
<7>pciehp 0000:00:17.0:pcie04: service driver pciehp loaded
<6>pciehp 0000:00:17.1:pcie04: HPC vendor_id 15ad device_id 7a0 ss_vid 0 ss_did 0
<7>pciehp 0000:00:17.1:pcie04: service driver pciehp loaded
<6>pciehp 0000:00:17.2:pcie04: HPC vendor_id 15ad device_id 7a0 ss_vid 0 ss_did 0
<7>pciehp 0000:00:17.2:pcie04: service driver pciehp loaded
<6>pciehp 0000:00:17.3:pcie04: HPC vendor_id 15ad device_id 7a0 ss_vid 0 ss_did 0
<7>pciehp 0000:00:17.3:pcie04: service driver pciehp loaded
<6>pciehp 0000:00:17.4:pcie04: HPC vendor_id 15ad device_id 7a0 ss_vid 0 ss_did 0
<7>pciehp 0000:00:17.4:pcie04: service driver pciehp loaded
<6>pciehp 0000:00:17.5:pcie04: HPC vendor_id 15ad device_id 7a0 ss_vid 0 ss_did 0
<7>pciehp 0000:00:17.5:pcie04: service driver pciehp loaded
<6>pciehp 0000:00:17.6:pcie04: HPC vendor_id 15ad device_id 7a0 ss_vid 0 ss_did 0
<7>pciehp 0000:00:17.6:pcie04: service driver pciehp loaded
<6>pciehp 0000:00:17.7:pcie04: HPC vendor_id 15ad device_id 7a0 ss_vid 0 ss_did 0
<7>pciehp 0000:00:17.7:pcie04: service driver pciehp loaded
<6>pciehp 0000:00:18.0:pcie04: HPC vendor_id 15ad device_id 7a0 ss_vid 0 ss_did 0
<7>pciehp 0000:00:18.0:pcie04: service driver pciehp loaded
<6>pciehp 0000:00:18.1:pcie04: HPC vendor_id 15ad device_id 7a0 ss_vid 0 ss_did 0
<7>pciehp 0000:00:18.1:pcie04: service driver pciehp loaded
<6>pciehp 0000:00:18.2:pcie04: HPC vendor_id 15ad device_id 7a0 ss_vid 0 ss_did 0
<7>pciehp 0000:00:18.2:pcie04: service driver pciehp loaded
<6>pciehp 0000:00:18.3:pcie04: HPC vendor_id 15ad device_id 7a0 ss_vid 0 ss_did 0
<7>pciehp 0000:00:18.3:pcie04: service driver pciehp loaded
<6>pciehp 0000:00:18.4:pcie04: HPC vendor_id 15ad device_id 7a0 ss_vid 0 ss_did 0
<7>pciehp 0000:00:18.4:pcie04: service driver pciehp loaded
<6>pciehp 0000:00:18.5:pcie04: HPC vendor_id 15ad device_id 7a0 ss_vid 0 ss_did 0
<7>pciehp 0000:00:18.5:pcie04: service driver pciehp loaded
<6>pciehp 0000:00:18.6:pcie04: HPC vendor_id 15ad device_id 7a0 ss_vid 0 ss_did 0
<7>pciehp 0000:00:18.6:pcie04: service driver pciehp loaded
<6>pciehp 0000:00:18.7:pcie04: HPC vendor_id 15ad device_id 7a0 ss_vid 0 ss_did 0
<7>pciehp 0000:00:18.7:pcie04: service driver pciehp loaded
<6>pciehp: PCI Express Hot Plug Controller Driver version: 0.4
<6>acpiphp: ACPI Hot Plug PCI Controller Driver version: 0.5
<6>acpiphp: Slot [32] registered
<6>acpiphp: Slot [33] registered
<6>acpiphp: Slot [34] registered
<6>acpiphp: Slot [35] registered
<6>acpiphp: Slot [36] registered
<6>acpiphp: Slot [37] registered
<6>acpiphp: Slot [38] registered
<6>acpiphp: Slot [39] registered
<6>acpiphp: Slot [40] registered
<6>acpiphp: Slot [41] registered
<6>acpiphp: Slot [42] registered
<6>acpiphp: Slot [43] registered
<6>acpiphp: Slot [44] registered
<6>acpiphp: Slot [45] registered
<6>acpiphp: Slot [46] registered
<6>acpiphp: Slot [47] registered
<6>acpiphp: Slot [48] registered
<6>acpiphp: Slot [49] registered
<6>acpiphp: Slot [50] registered
<6>acpiphp: Slot [51] registered
<6>acpiphp: Slot [52] registered
<6>acpiphp: Slot [53] registered
<6>acpiphp: Slot [54] registered
<6>acpiphp: Slot [55] registered
<6>acpiphp: Slot [56] registered
<6>acpiphp: Slot [57] registered
<6>acpiphp: Slot [58] registered
<6>acpiphp: Slot [59] registered
<6>acpiphp: Slot [60] registered
<6>acpiphp: Slot [61] registered
<6>acpiphp: Slot [62] registered
<6>acpiphp: Slot [63] registered
<4>acpiphp_glue: Slot 160 already registered by another hotplug driver
<4>acpiphp_glue: Slot 192 already registered by another hotplug driver
<4>acpiphp_glue: Slot 224 already registered by another hotplug driver
<4>acpiphp_glue: Slot 256 already registered by another hotplug driver
<4>acpiphp_glue: Slot 161 already registered by another hotplug driver
<4>acpiphp_glue: Slot 162 already registered by another hotplug driver
<4>acpiphp_glue: Slot 163 already registered by another hotplug driver
<4>acpiphp_glue: Slot 164 already registered by another hotplug driver
<4>acpiphp_glue: Slot 165 already registered by another hotplug driver
<4>acpiphp_glue: Slot 166 already registered by another hotplug driver
<4>acpiphp_glue: Slot 167 already registered by another hotplug driver
<4>acpiphp_glue: Slot 193 already registered by another hotplug driver
<4>acpiphp_glue: Slot 194 already registered by another hotplug driver
<4>acpiphp_glue: Slot 195 already registered by another hotplug driver
<4>acpiphp_glue: Slot 196 already registered by another hotplug driver
<4>acpiphp_glue: Slot 197 already registered by another hotplug driver
<4>acpiphp_glue: Slot 198 already registered by another hotplug driver
<4>acpiphp_glue: Slot 199 already registered by another hotplug driver
<4>acpiphp_glue: Slot 225 already registered by another hotplug driver
<4>acpiphp_glue: Slot 226 already registered by another hotplug driver
<4>acpiphp_glue: Slot 227 already registered by another hotplug driver
<4>acpiphp_glue: Slot 228 already registered by another hotplug driver
<4>acpiphp_glue: Slot 229 already registered by another hotplug driver
<4>acpiphp_glue: Slot 230 already registered by another hotplug driver
<4>acpiphp_glue: Slot 231 already registered by another hotplug driver
<4>acpiphp_glue: Slot 257 already registered by another hotplug driver
<4>acpiphp_glue: Slot 258 already registered by another hotplug driver
<4>acpiphp_glue: Slot 259 already registered by another hotplug driver
<4>acpiphp_glue: Slot 260 already registered by another hotplug driver
<4>acpiphp_glue: Slot 261 already registered by another hotplug driver
<4>acpiphp_glue: Slot 262 already registered by another hotplug driver
<4>acpiphp_glue: Slot 263 already registered by another hotplug driver
<6>ACPI: AC Adapter [ACAD] (on-line)
<6>input: Power Button as /devices/LNXSYSTM:00/LNXPWRBN:00/input/input0
<6>ACPI: Power Button [PWRF]
<7>ACPI: acpi_idle registered with cpuidle
<4>[Firmware Bug]: No valid trip found
<6>GHES: HEST is not enabled!
<6>Non-volatile memory driver v1.3
<6>Linux agpgart interface v0.103
<6>agpgart-intel 0000:00:00.0: Intel 440BX Chipset
<6>agpgart-intel 0000:00:00.0: AGP aperture is 256M @ 0x0
<6>crash memory driver: version 1.1
<6>Serial: 8250/16550 driver, 4 ports, IRQ sharing enabled
<6>serial8250: ttyS0 at I/O 0x3f8 (irq = 4) is a 16550A
<6>00:09: ttyS0 at I/O 0x3f8 (irq = 4) is a 16550A
<6>brd: module loaded
<6>loop: module loaded
<6>input: Macintosh mouse button emulation as /devices/virtual/input/input1
<6>Fixed MDIO Bus: probed
<6>ehci_hcd: USB 2.0 'Enhanced' Host Controller (EHCI) Driver
<6>ehci_hcd 0000:02:03.0: PCI INT A -> GSI 17 (level, low) -> IRQ 17
<6>ehci_hcd 0000:02:03.0: EHCI Host Controller
<6>ehci_hcd 0000:02:03.0: new USB bus registered, assigned bus number 1
<7>ehci_hcd 0000:02:03.0: cache line size of 64 is not supported
<6>ehci_hcd 0000:02:03.0: irq 17, io mem 0xfd5bf000
<6>ehci_hcd 0000:02:03.0: USB 2.0 started, EHCI 1.00
<6>usb usb1: New USB device found, idVendor=1d6b, idProduct=0002
<6>usb usb1: New USB device strings: Mfr=3, Product=2, SerialNumber=1
<6>usb usb1: Product: EHCI Host Controller
<6>usb usb1: Manufacturer: Linux 2.6.32-504.el6.x86_64 ehci_hcd
<6>usb usb1: SerialNumber: 0000:02:03.0
<6>usb usb1: configuration #1 chosen from 1 choice
<6>hub 1-0:1.0: USB hub found
<6>hub 1-0:1.0: 6 ports detected
<6>ohci_hcd: USB 1.1 'Open' Host Controller (OHCI) Driver
<6>uhci_hcd: USB Universal Host Controller Interface driver
<6>uhci_hcd 0000:02:00.0: PCI INT A -> GSI 18 (level, low) -> IRQ 18
<6>uhci_hcd 0000:02:00.0: UHCI Host Controller
<6>uhci_hcd 0000:02:00.0: new USB bus registered, assigned bus number 2
<6>uhci_hcd 0000:02:00.0: irq 18, io base 0x000020c0
<6>usb usb2: New USB device found, idVendor=1d6b, idProduct=0001
<6>usb usb2: New USB device strings: Mfr=3, Product=2, SerialNumber=1
<6>usb usb2: Product: UHCI Host Controller
<6>usb usb2: Manufacturer: Linux 2.6.32-504.el6.x86_64 uhci_hcd
<6>usb usb2: SerialNumber: 0000:02:00.0
<6>usb usb2: configuration #1 chosen from 1 choice
<6>hub 2-0:1.0: USB hub found
<6>hub 2-0:1.0: 2 ports detected
<6>PNP: PS/2 Controller [PNP0303:KBC,PNP0f13:MOUS] at 0x60,0x64 irq 1,12
<6>serio: i8042 KBD port at 0x60,0x64 irq 1
<6>serio: i8042 AUX port at 0x60,0x64 irq 12
<6>mice: PS/2 mouse device common for all mice
<6>rtc_cmos 00:04: rtc core: registered rtc_cmos as rtc0
<6>rtc0: alarms up to one month, y3k, 114 bytes nvram, hpet irqs
<6>cpuidle: using governor ladder
<6>cpuidle: using governor menu
<6>EFI Variables Facility v0.08 2004-May-17
<6>Refined TSC clocksource calibration: 2194.954 MHz.
<6>Switching to clocksource tsc
<6>usbcore: registered new interface driver hiddev
<6>usbcore: registered new interface driver usbhid
<6>usbhid: v2.6:USB HID core driver
<6>GRE over IPv4 demultiplexor driver
<6>TCP cubic registered
<6>Initializing XFRM netlink socket
<6>NET: Registered protocol family 17
<4>registered taskstats version 1
<6>input: AT Translated Set 2 keyboard as /devices/platform/i8042/serio0/input/input2
<6>input: ImPS/2 Generic Wheel Mouse as /devices/platform/i8042/serio1/input/input3
<6>rtc_cmos 00:04: setting system clock to 2018-08-22 16:12:05 UTC (1534954325)
<6>Initalizing network drop monitor service
<6>Freeing unused kernel memory: 1296k freed
<6>Write protecting the kernel read-only data: 10240k
<6>Freeing unused kernel memory: 788k freed
<6>Freeing unused kernel memory: 1568k freed
<6>dracut: dracut-004-356.el6
<6>dracut: rd_NO_LUKS: removing cryptoluks activation
<6>device-mapper: uevent: version 1.0.3
<6>device-mapper: ioctl: 4.27.0-ioctl (2013-10-30) initialised: dm-devel@redhat.com
<6>udev: starting version 147
<6>dracut: Starting plymouth daemon
<6>dracut: rd_NO_DM: removing DM RAID activation
<6>dracut: rd_NO_MD: removing MD RAID activation
<6>usb 2-1: new full speed USB device number 2 using uhci_hcd
<6>Fusion MPT base driver 3.04.20
<6>Copyright (c) 1999-2008 LSI Corporation
<6>Fusion MPT SPI Host driver 3.04.20
<6>mptspi 0000:00:10.0: PCI INT A -> GSI 17 (level, low) -> IRQ 17
<6>mptbase: ioc0: Initiating bringup
<6>ioc0: LSI53C1030 B0: Capabilities={Initiator}
<6>scsi0 : ioc0: LSI53C1030 B0, FwRev=01032920h, Ports=1, MaxQ=128, IRQ=17
<6>usb 2-1: New USB device found, idVendor=0e0f, idProduct=0003
<6>usb 2-1: New USB device strings: Mfr=1, Product=2, SerialNumber=0
<6>usb 2-1: Product: VMware Virtual USB Mouse
<6>usb 2-1: Manufacturer: VMware
<6>usb 2-1: configuration #1 chosen from 1 choice
<5>scsi 0:0:0:0: Direct-Access     VMware,  VMware Virtual S 1.0  PQ: 0 ANSI: 2
<6>scsi target0:0:0: Beginning Domain Validation
<6>input: VMware VMware Virtual USB Mouse as /devices/pci0000:00/0000:00:11.0/0000:02:00.0/usb2/2-1/2-1:1.0/input/input4
<6>generic-usb 0003:0E0F:0003.0001: input,hidraw0: USB HID v1.10 Mouse [VMware VMware Virtual USB Mouse] on usb-0000:02:00.0-1/input0
<6>scsi target0:0:0: Domain Validation skipping write tests
<6>scsi target0:0:0: Ending Domain Validation
<6>scsi target0:0:0: FAST-40 WIDE SCSI 80.0 MB/s ST (25 ns, offset 127)
<7>ata_piix 0000:00:07.1: version 2.13
<6>scsi1 : ata_piix
<6>scsi2 : ata_piix
<6>ata1: PATA max UDMA/33 cmd 0x1f0 ctl 0x3f6 bmdma 0x1060 irq 14
<6>ata2: PATA max UDMA/33 cmd 0x170 ctl 0x376 bmdma 0x1068 irq 15
<6>usb 2-2: new full speed USB device number 3 using uhci_hcd
<6>usb 2-2: New USB device found, idVendor=0e0f, idProduct=0002
<6>usb 2-2: New USB device strings: Mfr=0, Product=1, SerialNumber=0
<6>usb 2-2: Product: VMware Virtual USB Hub
<6>usb 2-2: configuration #1 chosen from 1 choice
<6>hub 2-2:1.0: USB hub found
<6>hub 2-2:1.0: 7 ports detected
<7>ahci 0000:02:05.0: version 3.0
<7>  alloc irq_desc for 19 on node -1
<7>  alloc kstat_irqs on node -1
<6>ahci 0000:02:05.0: PCI INT A -> GSI 19 (level, low) -> IRQ 19
<7>  alloc irq_desc for 56 on node -1
<7>  alloc kstat_irqs on node -1
<7>ahci 0000:02:05.0: irq 56 for MSI/MSI-X
<6>ahci 0000:02:05.0: AHCI 0001.0300 32 slots 30 ports 6 Gbps 0x3fffffff impl SATA mode
<6>ahci 0000:02:05.0: flags: 64bit ncq clo only 
<6>scsi3 : ahci
<6>scsi4 : ahci
<6>scsi5 : ahci
<6>scsi6 : ahci
<6>scsi7 : ahci
<6>scsi8 : ahci
<6>scsi9 : ahci
<6>scsi10 : ahci
<6>scsi11 : ahci
<6>scsi12 : ahci
<6>scsi13 : ahci
<6>scsi14 : ahci
<6>scsi15 : ahci
<6>scsi16 : ahci
<6>scsi17 : ahci
<6>scsi18 : ahci
<6>scsi19 : ahci
<6>scsi20 : ahci
<6>scsi21 : ahci
<6>scsi22 : ahci
<6>scsi23 : ahci
<6>scsi24 : ahci
<6>scsi25 : ahci
<6>scsi26 : ahci
<6>scsi27 : ahci
<6>scsi28 : ahci
<6>scsi29 : ahci
<6>scsi30 : ahci
<6>scsi31 : ahci
<6>scsi32 : ahci
<6>ata3: SATA max UDMA/133 abar m4096@0xfd5be000 port 0xfd5be100 irq 56
<6>ata4: SATA max UDMA/133 abar m4096@0xfd5be000 port 0xfd5be180 irq 56
<6>ata5: SATA max UDMA/133 abar m4096@0xfd5be000 port 0xfd5be200 irq 56
<6>ata6: SATA max UDMA/133 abar m4096@0xfd5be000 port 0xfd5be280 irq 56
<6>ata7: SATA max UDMA/133 abar m4096@0xfd5be000 port 0xfd5be300 irq 56
<6>ata8: SATA max UDMA/133 abar m4096@0xfd5be000 port 0xfd5be380 irq 56
<6>ata9: SATA max UDMA/133 abar m4096@0xfd5be000 port 0xfd5be400 irq 56
<6>ata10: SATA max UDMA/133 abar m4096@0xfd5be000 port 0xfd5be480 irq 56
<6>ata11: SATA max UDMA/133 abar m4096@0xfd5be000 port 0xfd5be500 irq 56
<6>ata12: SATA max UDMA/133 abar m4096@0xfd5be000 port 0xfd5be580 irq 56
<6>ata13: SATA max UDMA/133 abar m4096@0xfd5be000 port 0xfd5be600 irq 56
<6>ata14: SATA max UDMA/133 abar m4096@0xfd5be000 port 0xfd5be680 irq 56
<6>ata15: SATA max UDMA/133 abar m4096@0xfd5be000 port 0xfd5be700 irq 56
<6>ata16: SATA max UDMA/133 abar m4096@0xfd5be000 port 0xfd5be780 irq 56
<6>ata17: SATA max UDMA/133 abar m4096@0xfd5be000 port 0xfd5be800 irq 56
<6>ata18: SATA max UDMA/133 abar m4096@0xfd5be000 port 0xfd5be880 irq 56
<6>ata19: SATA max UDMA/133 abar m4096@0xfd5be000 port 0xfd5be900 irq 56
<6>ata20: SATA max UDMA/133 abar m4096@0xfd5be000 port 0xfd5be980 irq 56
<6>ata21: SATA max UDMA/133 abar m4096@0xfd5be000 port 0xfd5bea00 irq 56
<6>ata22: SATA max UDMA/133 abar m4096@0xfd5be000 port 0xfd5bea80 irq 56
<6>ata23: SATA max UDMA/133 abar m4096@0xfd5be000 port 0xfd5beb00 irq 56
<6>ata24: SATA max UDMA/133 abar m4096@0xfd5be000 port 0xfd5beb80 irq 56
<6>ata25: SATA max UDMA/133 abar m4096@0xfd5be000 port 0xfd5bec00 irq 56
<6>ata26: SATA max UDMA/133 abar m4096@0xfd5be000 port 0xfd5bec80 irq 56
<6>ata27: SATA max UDMA/133 abar m4096@0xfd5be000 port 0xfd5bed00 irq 56
<6>ata28: SATA max UDMA/133 abar m4096@0xfd5be000 port 0xfd5bed80 irq 56
<6>ata29: SATA max UDMA/133 abar m4096@0xfd5be000 port 0xfd5bee00 irq 56
<6>ata30: SATA max UDMA/133 abar m4096@0xfd5be000 port 0xfd5bee80 irq 56
<6>ata31: SATA max UDMA/133 abar m4096@0xfd5be000 port 0xfd5bef00 irq 56
<6>ata32: SATA max UDMA/133 abar m4096@0xfd5be000 port 0xfd5bef80 irq 56
<6>usb 2-2.1: new full speed USB device number 4 using uhci_hcd
<6>ata3: SATA link down (SStatus 0 SControl 300)
<6>ata7: SATA link down (SStatus 0 SControl 300)
<6>ata4: SATA link up 6.0 Gbps (SStatus 133 SControl 300)
<6>ata5: SATA link down (SStatus 0 SControl 300)
<6>ata4.00: ATAPI: VMware Virtual SATA CDRW Drive, 00000001, max UDMA/33
<6>ata6: SATA link down (SStatus 0 SControl 300)
<6>ata4.00: configured for UDMA/33
<5>scsi 4:0:0:0: CD-ROM            NECVMWar VMware SATA CD01 1.00 PQ: 0 ANSI: 5
<6>ata11: SATA link down (SStatus 0 SControl 300)
<6>ata8: SATA link down (SStatus 0 SControl 300)
<6>ata13: SATA link down (SStatus 0 SControl 300)
<6>ata14: SATA link down (SStatus 0 SControl 300)
<6>ata9: SATA link down (SStatus 0 SControl 300)
<6>ata12: SATA link down (SStatus 0 SControl 300)
<6>ata10: SATA link down (SStatus 0 SControl 300)
<6>ata16: SATA link down (SStatus 0 SControl 300)
<6>ata22: SATA link down (SStatus 0 SControl 300)
<6>ata15: SATA link down (SStatus 0 SControl 300)
<6>ata29: SATA link down (SStatus 0 SControl 300)
<6>ata23: SATA link down (SStatus 0 SControl 300)
<6>ata26: SATA link down (SStatus 0 SControl 300)
<6>ata28: SATA link down (SStatus 0 SControl 300)
<6>ata19: SATA link down (SStatus 0 SControl 300)
<6>ata25: SATA link down (SStatus 0 SControl 300)
<6>ata18: SATA link down (SStatus 0 SControl 300)
<6>ata20: SATA link down (SStatus 0 SControl 300)
<6>ata27: SATA link down (SStatus 0 SControl 300)
<6>ata32: SATA link down (SStatus 0 SControl 300)
<6>ata17: SATA link down (SStatus 0 SControl 300)
<6>ata30: SATA link down (SStatus 0 SControl 300)
<6>ata21: SATA link down (SStatus 0 SControl 300)
<6>ata31: SATA link down (SStatus 0 SControl 300)
<6>ata24: SATA link down (SStatus 0 SControl 300)
<2>STARTING CRC_T10DIF
<6>usb 2-2.1: New USB device found, idVendor=0e0f, idProduct=0008
<6>usb 2-2.1: New USB device strings: Mfr=1, Product=2, SerialNumber=3
<6>usb 2-2.1: Product: Virtual Bluetooth Adapter
<6>usb 2-2.1: Manufacturer: VMware
<6>usb 2-2.1: SerialNumber: 000650268328
<6>usb 2-2.1: configuration #1 chosen from 1 choice
<5>sd 0:0:0:0: [sda] 41943040 512-byte logical blocks: (21.4 GB/20.0 GiB)
<5>sd 0:0:0:0: [sda] Write Protect is off
<7>sd 0:0:0:0: [sda] Mode Sense: 61 00 00 00
<5>sd 0:0:0:0: [sda] Cache data unavailable
<3>sd 0:0:0:0: [sda] Assuming drive cache: write through
<5>sd 0:0:0:0: [sda] Cache data unavailable
<3>sd 0:0:0:0: [sda] Assuming drive cache: write through
<6> sda: sda1 sda2
<5>sd 0:0:0:0: [sda] Cache data unavailable
<3>sd 0:0:0:0: [sda] Assuming drive cache: write through
<5>sd 0:0:0:0: [sda] Attached SCSI disk
<4>sr0: scsi3-mmc drive: 1x/1x writer dvd-ram cd/rw xa/form2 cdda tray
<6>Uniform CD-ROM driver Revision: 3.20
<7>sr 4:0:0:0: Attached scsi CD-ROM sr0
<6>dracut: Scanning devices sda2  for LVM logical volumes VolGroup/lv_swap VolGroup/lv_root 
<6>dracut: inactive '/dev/VolGroup/lv_root' [17.51 GiB] inherit
<6>dracut: inactive '/dev/VolGroup/lv_swap' [1.00 GiB] inherit
<6>EXT4-fs (dm-0): INFO: recovery required on readonly filesystem
<6>EXT4-fs (dm-0): write access will be enabled during recovery
<6>EXT4-fs (dm-0): orphan cleanup on readonly fs
<7>EXT4-fs (dm-0): ext4_orphan_cleanup: deleting unreferenced inode 141059
<7>EXT4-fs (dm-0): ext4_orphan_cleanup: deleting unreferenced inode 141061
<7>EXT4-fs (dm-0): ext4_orphan_cleanup: deleting unreferenced inode 929619
<7>EXT4-fs (dm-0): ext4_orphan_cleanup: deleting unreferenced inode 929618
<7>EXT4-fs (dm-0): ext4_orphan_cleanup: deleting unreferenced inode 929617
<7>EXT4-fs (dm-0): ext4_orphan_cleanup: deleting unreferenced inode 929599
<7>EXT4-fs (dm-0): ext4_orphan_cleanup: deleting unreferenced inode 912142
<6>EXT4-fs (dm-0): 7 orphan inodes deleted
<6>EXT4-fs (dm-0): recovery complete
<6>EXT4-fs (dm-0): mounted filesystem with ordered data mode. Opts: 
<6>dracut: Mounted root filesystem /dev/mapper/VolGroup-lv_root
<6>SELinux:  Disabled at runtime.
<7>SELinux:  Unregistering netfilter hooks
<5>type=1404 audit(1534954329.281:2): selinux=0 auid=4294967295 ses=4294967295
<6>dracut: 
<6>dracut: Switching root
<6>udev: starting version 147
<4>hrtimer: interrupt took 6429413 ns
<6>shpchp: Standard Hot Plug PCI Controller Driver version: 0.4
<3>piix4_smbus 0000:00:07.3: Host SMBus controller not enabled!
<5>sd 0:0:0:0: Attached scsi generic sg0 type 0
<5>sr 4:0:0:0: Attached scsi generic sg1 type 5
<6>e1000: Intel(R) PRO/1000 Network Driver - version 7.3.21-k8-NAPI
<6>e1000: Copyright (c) 1999-2006 Intel Corporation.
<6>e1000 0000:02:01.0: PCI INT A -> GSI 19 (level, low) -> IRQ 19
<7>e1000 0000:02:01.0: setting latency timer to 64
<6>e1000 0000:02:01.0: eth0: (PCI:66MHz:32-bit) 00:0c:29:8b:75:dc
<6>e1000 0000:02:01.0: eth0: Intel(R) PRO/1000 Network Connection
<7>  alloc irq_desc for 16 on node -1
<7>  alloc kstat_irqs on node -1
<6>e1000 0000:02:06.0: PCI INT A -> GSI 16 (level, low) -> IRQ 16
<7>e1000 0000:02:06.0: setting latency timer to 64
<6>e1000 0000:02:06.0: eth1: (PCI:66MHz:32-bit) 00:0c:29:8b:75:e6
<6>e1000 0000:02:06.0: eth1: Intel(R) PRO/1000 Network Connection
<6>ENS1371 0000:02:02.0: PCI INT A -> GSI 16 (level, low) -> IRQ 16
<6>Bluetooth: Core ver 2.15
<6>NET: Registered protocol family 31
<6>Bluetooth: HCI device and connection manager initialized
<6>Bluetooth: HCI socket layer initialized
<6>Bluetooth: Generic Bluetooth USB driver ver 0.6
<6>usbcore: registered new interface driver btusb
<6>microcode: CPU0 sig=0x306d4, pf=0x1, revision=0x18
<6>platform microcode: firmware: requesting intel-ucode/06-3d-04
<6>microcode: CPU1 sig=0x306d4, pf=0x1, revision=0x18
<6>platform microcode: firmware: requesting intel-ucode/06-3d-04
<6>Microcode Update Driver: v2.00 <tigran@aivazian.fsnet.co.uk>, Peter Oruba
<6>EXT4-fs (sda1): mounted filesystem with ordered data mode. Opts: 
<6>Adding 1048572k swap on /dev/mapper/VolGroup-lv_swap.  Priority:-1 extents:1 across:1048572k 
<6>NET: Registered protocol family 10
<6>lo: Disabled Privacy Extensions
<6>ip6_tables: (C) 2000-2006 Netfilter Core Team
<4>nf_conntrack version 0.5.0 (6822 buckets, 27288 max)
<6>e1000: eth0 NIC Link is Up 1000 Mbps Full Duplex, Flow Control: None
<6>e1000: eth1 NIC Link is Up 1000 Mbps Full Duplex, Flow Control: None
<7>eth0: no IPv6 routers present
<7>eth1: no IPv6 routers present
<5>type=1305 audit(1534954409.786:3): audit_pid=1454 old=0 auid=4294967295 ses=4294967295 res=1
<6>802.1Q VLAN Support v1.8 Ben Greear <greearb@candelatech.com>
<6>All bugs added by David S. Miller <davem@redhat.com>
<6>8021q: adding VLAN 0 to HW filter on device eth0
<6>8021q: adding VLAN 0 to HW filter on device eth1
<6>Bluetooth: L2CAP ver 2.14
<6>Bluetooth: L2CAP socket layer initialized
<6>Bluetooth: BNEP (Ethernet Emulation) ver 1.3
<6>Bluetooth: BNEP filters: protocol multicast
<5>Bridge firewalling registered
<6>Bluetooth: SCO (Voice Link) ver 0.6
<6>Bluetooth: SCO socket layer initialized
<6>Bluetooth: RFCOMM TTY layer initialized
<6>Bluetooth: RFCOMM socket layer initialized
<6>Bluetooth: RFCOMM ver 1.11
<6>e1000: eth1 NIC Link is Up 1000 Mbps Full Duplex, Flow Control: None
<6>ADDRCONF(NETDEV_UP): eth1: link is not ready
<6>8021q: adding VLAN 0 to HW filter on device eth1
<6>ADDRCONF(NETDEV_CHANGE): eth1: link becomes ready
<7>eth1: no IPv6 routers present
<6>e1000: eth0 NIC Link is Up 1000 Mbps Full Duplex, Flow Control: None
<6>ADDRCONF(NETDEV_UP): eth0: link is not ready
<6>8021q: adding VLAN 0 to HW filter on device eth0
<6>ADDRCONF(NETDEV_CHANGE): eth0: link becomes ready
<6>e1000: eth1 NIC Link is Up 1000 Mbps Full Duplex, Flow Control: None
<6>ADDRCONF(NETDEV_UP): eth1: link is not ready
<6>8021q: adding VLAN 0 to HW filter on device eth1
<6>ADDRCONF(NETDEV_CHANGE): eth1: link becomes ready
<7>eth0: no IPv6 routers present
<7>eth1: no IPv6 routers present
<4>httpd invoked oom-killer: gfp_mask=0x200da, order=0, oom_adj=0, oom_score_adj=0
<6>httpd cpuset=/ mems_allowed=0
<4>Pid: 5030, comm: httpd Not tainted 2.6.32-504.el6.x86_64 #1
<4>Call Trace:
<4> [<ffffffff810d40c1>] ? cpuset_print_task_mems_allowed+0x91/0xb0
<4> [<ffffffff81127300>] ? dump_header+0x90/0x1b0
<4> [<ffffffff8112746e>] ? check_panic_on_oom+0x4e/0x80
<4> [<ffffffff81127b5b>] ? out_of_memory+0x1bb/0x3c0
<4> [<ffffffff811344df>] ? __alloc_pages_nodemask+0x89f/0x8d0
<4> [<ffffffff8116c79a>] ? alloc_pages_vma+0x9a/0x150
<4> [<ffffffff81160342>] ? read_swap_cache_async+0xf2/0x160
<4> [<ffffffff81160e69>] ? valid_swaphandles+0x69/0x150
